
> frontend@0.0.0 test
> vitest src/pages/interview/MockInterviewSetup.test.tsx


[1m[44m DEV [49m[22m [34mv4.0.14 [39m[90m/Users/siddharthskumar/Documents/Workspace/strkx/frontend[39m

[90mstderr[2m | src/pages/interview/MockInterviewSetup.test.tsx[2m > [22m[2mMockInterviewSetup[2m > [22m[2mhandles list search and selection
[22m[39m[MSW] Warning: intercepted a request without a matching request handler:

  • GET /lists?page=1&limit=10&search=Blind

If you still wish to intercept this unhandled request, please create a request handler for it.
Read more: https://mswjs.io/docs/http/intercepting-requests

[90mstdout[2m | src/pages/interview/MockInterviewSetup.test.tsx[2m > [22m[2mMockInterviewSetup[2m > [22m[2mhandles list search and selection
[22m[39mFetch called with: Request {
  method: [32m'GET'[39m,
  url: [32m'http://localhost:3000/lists?page=1&limit=10&search=Blind'[39m,
  headers: Headers {},
  destination: [32m''[39m,
  referrer: [32m'about:client'[39m,
  referrerPolicy: [32m''[39m,
  mode: [32m'cors'[39m,
  credentials: [32m'include'[39m,
  cache: [32m'default'[39m,
  redirect: [32m'follow'[39m,
  integrity: [32m''[39m,
  keepalive: [33mfalse[39m,
  isReloadNavigation: [33mfalse[39m,
  isHistoryNavigation: [33mfalse[39m,
  signal: AbortSignal { aborted: [33mfalse[39m }
}

[90mstderr[2m | src/pages/interview/MockInterviewSetup.test.tsx[2m > [22m[2mMockInterviewSetup[2m > [22m[2mhandles list search and selection
[22m[39mFailed to fetch lists TypeError: url.includes is not a function
    at [90m/Users/siddharthskumar/Documents/Workspace/strkx/frontend/[39msrc/pages/interview/MockInterviewSetup.test.tsx:70:15
    at Mock [90m(file:///Users/siddharthskumar/Documents/Workspace/strkx/frontend/[39mnode_modules/[4m@vitest[24m/spy/dist/index.js:280:34[90m)[39m
    at [90mfile:///Users/siddharthskumar/Documents/Workspace/strkx/frontend/[39mnode_modules/[4m@mswjs[24m/interceptors/lib/node/chunk-OFW5L5ET.mjs:215:19
    at until [90m(file:///Users/siddharthskumar/Documents/Workspace/strkx/frontend/[39mnode_modules/[4m@open-draft[24m/until/lib/index.mjs:4:24[90m)[39m
    at Object.passthrough [90m(file:///Users/siddharthskumar/Documents/Workspace/strkx/frontend/[39mnode_modules/[4m@mswjs[24m/interceptors/lib/node/chunk-OFW5L5ET.mjs:214:74[90m)[39m
    at _RequestController.passthrough [90m(file:///Users/siddharthskumar/Documents/Workspace/strkx/frontend/[39mnode_modules/[4m@mswjs[24m/interceptors/lib/node/chunk-JXGB54LE.mjs:196:23[90m)[39m
    at handleRequest [90m(file:///Users/siddharthskumar/Documents/Workspace/strkx/frontend/[39mnode_modules/[4m@mswjs[24m/interceptors/lib/node/chunk-R6T7CL5E.mjs:177:37[90m)[39m
    at globalThis.fetch [90m(file:///Users/siddharthskumar/Documents/Workspace/strkx/frontend/[39mnode_modules/[4m@mswjs[24m/interceptors/lib/node/chunk-OFW5L5ET.mjs:287:7[90m)[39m
    at fetchLists [90m(/Users/siddharthskumar/Documents/Workspace/strkx/frontend/[39msrc/pages/interview/MockInterviewSetup.tsx:58:19[90m)[39m

[90mstderr[2m | src/pages/interview/MockInterviewSetup.test.tsx[2m > [22m[2mMockInterviewSetup[2m > [22m[2mstarts interview session
[22m[39m[MSW] Warning: intercepted a request without a matching request handler:

  • POST /interview-sessions

  • Request body: {"questionCount":2}

If you still wish to intercept this unhandled request, please create a request handler for it.
Read more: https://mswjs.io/docs/http/intercepting-requests

[90mstderr[2m | src/pages/interview/MockInterviewSetup.test.tsx[2m > [22m[2mMockInterviewSetup[2m > [22m[2mstarts interview session
[22m[39mTypeError: url.includes is not a function
    at [90m/Users/siddharthskumar/Documents/Workspace/strkx/frontend/[39msrc/pages/interview/MockInterviewSetup.test.tsx:105:15
    at Mock [90m(file:///Users/siddharthskumar/Documents/Workspace/strkx/frontend/[39mnode_modules/[4m@vitest[24m/spy/dist/index.js:280:34[90m)[39m
    at [90mfile:///Users/siddharthskumar/Documents/Workspace/strkx/frontend/[39mnode_modules/[4m@mswjs[24m/interceptors/lib/node/chunk-OFW5L5ET.mjs:215:19
    at until [90m(file:///Users/siddharthskumar/Documents/Workspace/strkx/frontend/[39mnode_modules/[4m@open-draft[24m/until/lib/index.mjs:4:24[90m)[39m
    at Object.passthrough [90m(file:///Users/siddharthskumar/Documents/Workspace/strkx/frontend/[39mnode_modules/[4m@mswjs[24m/interceptors/lib/node/chunk-OFW5L5ET.mjs:214:74[90m)[39m
    at _RequestController.passthrough [90m(file:///Users/siddharthskumar/Documents/Workspace/strkx/frontend/[39mnode_modules/[4m@mswjs[24m/interceptors/lib/node/chunk-JXGB54LE.mjs:196:23[90m)[39m
    at handleRequest [90m(file:///Users/siddharthskumar/Documents/Workspace/strkx/frontend/[39mnode_modules/[4m@mswjs[24m/interceptors/lib/node/chunk-R6T7CL5E.mjs:177:37[90m)[39m
    at globalThis.fetch [90m(file:///Users/siddharthskumar/Documents/Workspace/strkx/frontend/[39mnode_modules/[4m@mswjs[24m/interceptors/lib/node/chunk-OFW5L5ET.mjs:287:7[90m)[39m
    at handleStart [90m(/Users/siddharthskumar/Documents/Workspace/strkx/frontend/[39msrc/pages/interview/MockInterviewSetup.tsx:134:19[90m)[39m

[90mstderr[2m | src/pages/interview/MockInterviewSetup.test.tsx[2m > [22m[2mMockInterviewSetup[2m > [22m[2mstarts interview session
[22m[39m[MSW] Warning: intercepted a request without a matching request handler:

  • GET /lists?page=1&limit=10&search=

If you still wish to intercept this unhandled request, please create a request handler for it.
Read more: https://mswjs.io/docs/http/intercepting-requests

[90mstderr[2m | src/pages/interview/MockInterviewSetup.test.tsx[2m > [22m[2mMockInterviewSetup[2m > [22m[2mstarts interview session
[22m[39mFailed to fetch lists TypeError: url.includes is not a function
    at [90m/Users/siddharthskumar/Documents/Workspace/strkx/frontend/[39msrc/pages/interview/MockInterviewSetup.test.tsx:105:15
    at Mock [90m(file:///Users/siddharthskumar/Documents/Workspace/strkx/frontend/[39mnode_modules/[4m@vitest[24m/spy/dist/index.js:280:34[90m)[39m
    at [90mfile:///Users/siddharthskumar/Documents/Workspace/strkx/frontend/[39mnode_modules/[4m@mswjs[24m/interceptors/lib/node/chunk-OFW5L5ET.mjs:215:19
    at until [90m(file:///Users/siddharthskumar/Documents/Workspace/strkx/frontend/[39mnode_modules/[4m@open-draft[24m/until/lib/index.mjs:4:24[90m)[39m
    at Object.passthrough [90m(file:///Users/siddharthskumar/Documents/Workspace/strkx/frontend/[39mnode_modules/[4m@mswjs[24m/interceptors/lib/node/chunk-OFW5L5ET.mjs:214:74[90m)[39m
    at _RequestController.passthrough [90m(file:///Users/siddharthskumar/Documents/Workspace/strkx/frontend/[39mnode_modules/[4m@mswjs[24m/interceptors/lib/node/chunk-JXGB54LE.mjs:196:23[90m)[39m
    at handleRequest [90m(file:///Users/siddharthskumar/Documents/Workspace/strkx/frontend/[39mnode_modules/[4m@mswjs[24m/interceptors/lib/node/chunk-R6T7CL5E.mjs:177:37[90m)[39m
    at globalThis.fetch [90m(file:///Users/siddharthskumar/Documents/Workspace/strkx/frontend/[39mnode_modules/[4m@mswjs[24m/interceptors/lib/node/chunk-OFW5L5ET.mjs:287:7[90m)[39m
    at fetchLists [90m(/Users/siddharthskumar/Documents/Workspace/strkx/frontend/[39msrc/pages/interview/MockInterviewSetup.tsx:58:19[90m)[39m

 [31m❯[39m src/pages/interview/MockInterviewSetup.test.tsx [2m([22m[2m5 tests[22m[2m | [22m[31m2 failed[39m[2m)[22m[33m 2731[2mms[22m[39m
     [32m✓[39m renders setup page correctly[32m 227[2mms[22m[39m
     [32m✓[39m allows selecting difficulty[32m 171[2mms[22m[39m
     [32m✓[39m allows selecting status[32m 116[2mms[22m[39m
[31m     [31m×[31m handles list search and selection[39m[33m 1051[2mms[22m[39m
[31m     [31m×[31m starts interview session[39m[33m 1153[2mms[22m[39m

[31m⎯⎯⎯⎯⎯⎯⎯[39m[1m[41m Failed Tests 2 [49m[22m[31m⎯⎯⎯⎯⎯⎯⎯[39m

[41m[1m FAIL [22m[49m src/pages/interview/MockInterviewSetup.test.tsx[2m > [22mMockInterviewSetup[2m > [22mhandles list search and selection
[31m[1mTestingLibraryElementError[22m[39m: Unable to find an element with the text: Blind 75. This could be because the text is broken up by multiple elements. In this case, you can provide a function for your text matcher to make your matcher more flexible.

Ignored nodes: comments, script, style
[36m<body>[39m
  [36m<div>[39m
    [36m<section[39m
      [33maria-atomic[39m=[32m"false"[39m
      [33maria-label[39m=[32m"Notifications alt+T"[39m
      [33maria-live[39m=[32m"polite"[39m
      [33maria-relevant[39m=[32m"additions text"[39m
      [33mtabindex[39m=[32m"-1"[39m
    [36m/>[39m
    [36m<div[39m
      [33mclass[39m=[32m"min-h-screen bg-background text-foreground font-sans p-8 flex flex-col items-center justify-center"[39m
    [36m>[39m
      [36m<div[39m
        [33mclass[39m=[32m"max-w-5xl w-full space-y-8"[39m
        [33mstyle[39m=[32m"opacity: 1; transform: none;"[39m
      [36m>[39m
        [36m<div[39m
          [33mclass[39m=[32m"text-center space-y-4 mb-12"[39m
        [36m>[39m
          [36m<div[39m
            [33mclass[39m=[32m"inline-flex items-center justify-center p-4 bg-primary/10 rounded-full mb-4 ring-1 ring-primary/20 shadow-[0_0_20px_rgba(62,207,142,0.2)]"[39m
          [36m>[39m
            [36m<svg[39m
              [33maria-hidden[39m=[32m"true"[39m
              [33mclass[39m=[32m"lucide lucide-brain w-10 h-10 text-primary"[39m
              [33mfill[39m=[32m"none"[39m
              [33mheight[39m=[32m"24"[39m
              [33mstroke[39m=[32m"currentColor"[39m
              [33mstroke-linecap[39m=[32m"round"[39m
              [33mstroke-linejoin[39m=[32m"round"[39m
              [33mstroke-width[39m=[32m"2"[39m
              [33mviewBox[39m=[32m"0 0 24 24"[39m
              [33mwidth[39m=[32m"24"[39m
              [33mxmlns[39m=[32m"http://www.w3.org/2000/svg"[39m
            [36m>[39m
              [36m<path[39m
                [33md[39m=[32m"M12 18V5"[39m
              [36m/>[39m
              [36m<path[39m
                [33md[39m=[32m"M15 13a4.17 4.17 0 0 1-3-4 4.17 4.17 0 0 1-3 4"[39m
              [36m/>[39m
              [36m<path[39m
                [33md[39m=[32m"M17.598 6.5A3 3 0 1 0 12 5a3 3 0 1 0-5.598 1.5"[39m
              [36m/>[39m
              [36m<path[39m
                [33md[39m=[32m"M17.997 5.125a4 4 0 0 1 2.526 5.77"[39m
              [36m/>[39m
              [36m<path[39m
                [33md[39m=[32m"M18 18a4 4 0 0 0 2-7.464"[39m
              [36m/>[39m
              [36m<path[39m
                [33md[39m=[32m"M19.967 17.483A4 4 0 1 1 12 18a4 4 0 1 1-7.967-.517"[39m
              [36m/>[39m
              [36m<path[39m
                [33md[39m=[32m"M6 18a4 4 0 0 1-2-7.464"[39m
              [36m/>[39m
              [36m<path[39m
                [33md[39m=[32m"M6.003 5.125a4 4 0 0 0-2.526 5.77"[39m
              [36m/>[39m
            [36m</svg>[39m
          [36m</div>[39m
          [36m<h1[39m
            [33mclass[39m=[32m"text-4xl font-bold text-foreground tracking-tight"[39m
          [36m>[39m
            [0mMock Interview Mode[0m
          [36m</h1>[39m
          [36m<p[39m
            [33mclass[39m=[32m"text-muted-foreground text-lg max-w-lg mx-auto"[39m
          [36m>[39m
            [0mSimulate a real technical interview environment. Strict timing, no AI assistance, and realistic pressure.[0m
          [36m</p>[39m
        [36m</div>[39m
        [36m<div[39m
          [33mclass[39m=[32m"grid grid-cols-1 md:grid-cols-2 gap-6"[39m
        [36m>[39m
          [36m<div[39m
            [33mclass[39m=[32m"space-y-6"[39m
          [36m>[39m
            [36m<div[39m
              [33mclass[39m=[32m"bg-card border border-border rounded-xl p-6 shadow-sm hover:border-primary/20 transition-colors"[39m
            [36m>[39m
              [36m<label[39m
                [33mclass[39m=[32m"peer-disabled:cursor-not-allowed peer-disabled:opacity-70 flex items-center gap-2 text-sm font-semibold text-foreground mb-4 uppercase tracking-wider"[39m
              [36m>[39m
                [36m<svg[39m
                  [33maria-hidden[39m=[32m"true"[39m
                  [33mclass[39m=[32m"lucide lucide-funnel w-4 h-4 text-primary"[39m
                  [33mfill[39m=[32m"none"[39m
                  [33mheight[39m=[32m"24"[39m
                  [33mstroke[39m=[32m"currentColor"[39m
                  [33mstroke-linecap[39m=[32m"round"[39m
                  [33mstroke-linejoin[39m=[32m"round"[39m
                  [33mstroke-width[39m=[32m"2"[39m
                  [33mviewBox[39m=[32m"0 0 24 24"[39m
                  [33mwidth[39m=[32m"24"[39m
                  [33mxmlns[39m=[32m"http://www.w3.org/2000/svg"[39m
                [36m>[39m
                  [36m<path[39m
                    [33md[39m=[32m"M10 20a1 1 0 0 0 .553.895l2 1A1 1 0 0 0 14 21v-7a2 2 0 0 1 .517-1.341L21.74 4.67A1 1 0 0 0 21 3H3a1 1 0 0 0-.742 1.67l7.225 7.989A2 2 0 0 1 10 14z"[39m
                  [36m/>[39m
                [36m</svg>[39m
                [0m Difficulty[0m
              [36m</label>[39m
              [36m<div[39m
                [33mclass[39m=[32m"flex flex-wrap gap-2"[39m
              [36m>[39m
                [36m<button[39m
                  [33mclass[39m=[32m"inline-flex items-center justify-center whitespace-nowrap rounded-md text-sm font-medium ring-offset-background focus-visible:outline-none focus-visible:ring-2 focus-visible:ring-ring focus-visible:ring-offset-2 disabled:pointer-events-none disabled:opacity-50 hover:bg-secondary/80 h-10 px-4 py-2 transition-all bg-secondary/50 text-muted-foreground hover:text-foreground"[39m
                  [33mtabindex[39m=[32m"0"[39m
                [36m>[39m
                  [0mEasy[0m
                [36m</button>[39m
                [36m<button[39m
                  [33mclass[39m=[32m"inline-flex items-center justify-center whitespace-nowrap rounded-md text-sm font-medium ring-offset-background focus-visible:outline-none focus-visible:ring-2 focus-visible:ring-ring focus-visible:ring-offset-2 disabled:pointer-events-none disabled:opacity-50 hover:bg-secondary/80 h-10 px-4 py-2 transition-all bg-secondary/50 text-muted-foreground hover:text-foreground"[39m
                  [33mtabindex[39m=[32m"0"[39m
                [36m>[39m
                  [0mMedium[0m
                [36m</button>[39m
                [36m<button[39m
                  [33mclass[39m=[32m"inline-flex items-center justify-center whitespace-nowrap rounded-md text-sm font-medium ring-offset-background focus-visible:outline-none focus-visible:ring-2 focus-visible:ring-ring focus-visible:ring-offset-2 disabled:pointer-events-none disabled:opacity-50 hover:bg-secondary/80 h-10 px-4 py-2 transition-all bg-secondary/50 text-muted-foreground hover:text-foreground"[39m
                  [33mtabindex[39m=[32m"0"[39m
                [36m>[39m
                  [0mHard[0m
                [36m</button>[39m
              [36m</div>[39m
            [36m</div>[39m
        ...

Ignored nodes: comments, script, style
[36m<html>[39m
  [36m<head />[39m
  [36m<body>[39m
    [36m<div>[39m
      [36m<section[39m
        [33maria-atomic[39m=[32m"false"[39m
        [33maria-label[39m=[32m"Notifications alt+T"[39m
        [33maria-live[39m=[32m"polite"[39m
        [33maria-relevant[39m=[32m"additions text"[39m
        [33mtabindex[39m=[32m"-1"[39m
      [36m/>[39m
      [36m<div[39m
        [33mclass[39m=[32m"min-h-screen bg-background text-foreground font-sans p-8 flex flex-col items-center justify-center"[39m
      [36m>[39m
        [36m<div[39m
          [33mclass[39m=[32m"max-w-5xl w-full space-y-8"[39m
          [33mstyle[39m=[32m"opacity: 1; transform: none;"[39m
        [36m>[39m
          [36m<div[39m
            [33mclass[39m=[32m"text-center space-y-4 mb-12"[39m
          [36m>[39m
            [36m<div[39m
              [33mclass[39m=[32m"inline-flex items-center justify-center p-4 bg-primary/10 rounded-full mb-4 ring-1 ring-primary/20 shadow-[0_0_20px_rgba(62,207,142,0.2)]"[39m
            [36m>[39m
              [36m<svg[39m
                [33maria-hidden[39m=[32m"true"[39m
                [33mclass[39m=[32m"lucide lucide-brain w-10 h-10 text-primary"[39m
                [33mfill[39m=[32m"none"[39m
                [33mheight[39m=[32m"24"[39m
                [33mstroke[39m=[32m"currentColor"[39m
                [33mstroke-linecap[39m=[32m"round"[39m
                [33mstroke-linejoin[39m=[32m"round"[39m
                [33mstroke-width[39m=[32m"2"[39m
                [33mviewBox[39m=[32m"0 0 24 24"[39m
                [33mwidth[39m=[32m"24"[39m
                [33mxmlns[39m=[32m"http://www.w3.org/2000/svg"[39m
              [36m>[39m
                [36m<path[39m
                  [33md[39m=[32m"M12 18V5"[39m
                [36m/>[39m
                [36m<path[39m
                  [33md[39m=[32m"M15 13a4.17 4.17 0 0 1-3-4 4.17 4.17 0 0 1-3 4"[39m
                [36m/>[39m
                [36m<path[39m
                  [33md[39m=[32m"M17.598 6.5A3 3 0 1 0 12 5a3 3 0 1 0-5.598 1.5"[39m
                [36m/>[39m
                [36m<path[39m
                  [33md[39m=[32m"M17.997 5.125a4 4 0 0 1 2.526 5.77"[39m
                [36m/>[39m
                [36m<path[39m
                  [33md[39m=[32m"M18 18a4 4 0 0 0 2-7.464"[39m
                [36m/>[39m
                [36m<path[39m
                  [33md[39m=[32m"M19.967 17.483A4 4 0 1 1 12 18a4 4 0 1 1-7.967-.517"[39m
                [36m/>[39m
                [36m<path[39m
                  [33md[39m=[32m"M6 18a4 4 0 0 1-2-7.464"[39m
                [36m/>[39m
                [36m<path[39m
                  [33md[39m=[32m"M6.003 5.125a4 4 0 0 0-2.526 5.77"[39m
                [36m/>[39m
              [36m</svg>[39m
            [36m</div>[39m
            [36m<h1[39m
              [33mclass[39m=[32m"text-4xl font-bold text-foreground tracking-tight"[39m
            [36m>[39m
              [0mMock Interview Mode[0m
            [36m</h1>[39m
            [36m<p[39m
              [33mclass[39m=[32m"text-muted-foreground text-lg max-w-lg mx-auto"[39m
            [36m>[39m
              [0mSimulate a real technical interview environment. Strict timing, no AI assistance, and realistic pressure.[0m
            [36m</p>[39m
          [36m</div>[39m
          [36m<div[39m
            [33mclass[39m=[32m"grid grid-cols-1 md:grid-cols-2 gap-6"[39m
          [36m>[39m
            [36m<div[39m
              [33mclass[39m=[32m"space-y-6"[39m
            [36m>[39m
              [36m<div[39m
                [33mclass[39m=[32m"bg-card border border-border rounded-xl p-6 shadow-sm hover:border-primary/20 transition-colors"[39m
              [36m>[39m
                [36m<label[39m
                  [33mclass[39m=[32m"peer-disabled:cursor-not-allowed peer-disabled:opacity-70 flex items-center gap-2 text-sm font-semibold text-foreground mb-4 uppercase tracking-wider"[39m
                [36m>[39m
                  [36m<svg[39m
                    [33maria-hidden[39m=[32m"true"[39m
                    [33mclass[39m=[32m"lucide lucide-funnel w-4 h-4 text-primary"[39m
                    [33mfill[39m=[32m"none"[39m
                    [33mheight[39m=[32m"24"[39m
                    [33mstroke[39m=[32m"currentColor"[39m
                    [33mstroke-linecap[39m=[32m"round"[39m
                    [33mstroke-linejoin[39m=[32m"round"[39m
                    [33mstroke-width[39m=[32m"2"[39m
                    [33mviewBox[39m=[32m"0 0 24 24"[39m
                    [33mwidth[39m=[32m"24"[39m
                    [33mxmlns[39m=[32m"http://www.w3.org/2000/svg"[39m
                  [36m>[39m
                    [36m<path[39m
                      [33md[39m=[32m"M10 20a1 1 0 0 0 .553.895l2 1A1 1 0 0 0 14 21v-7a2 2 0 0 1 .517-1.341L21.74 4.67A1 1 0 0 0 21 3H3a1 1 0 0 0-.742 1.67l7.225 7.989A2 2 0 0 1 10 14z"[39m
                    [36m/>[39m
                  [36m</svg>[39m
                  [0m Difficulty[0m
                [36m</label>[39m
                [36m<div[39m
                  [33mclass[39m=[32m"flex flex-wrap gap-2"[39m
                [36m>[39m
                  [36m<button[39m
                    [33mclass[39m=[32m"inline-flex items-center justify-center whitespace-nowrap rounded-md text-sm font-medium ring-offset-background focus-visible:outline-none focus-visible:ring-2 focus-visible:ring-ring focus-visible:ring-offset-2 disabled:pointer-events-none disabled:opacity-50 hover:bg-secondary/80 h-10 px-4 py-2 transition-all bg-secondary/50 text-muted-foreground hover:text-foreground"[39m
                    [33mtabindex[39m=[32m"0"[39m
                  [36m>[39m
                    [0mEasy[0m
                  [36m</button>[39m
                  [36m<button[39m
                    [33mclass[39m=[32m"inline-flex items-center justify-center whitespace-nowrap rounded-md text-sm font-medium ring-offset-background focus-visible:outline-none focus-visible:ring-2 focus-visible:ring-ring focus-visible:ring-offset-2 disabled:pointer-events-none disabled:opacity-50 hover:bg-secondary/80 h-10 px-4 py-2 transition-all bg-secondary/50 text-muted-foreground hover:text-foreground"[39m
                    [33mtabindex[39m=[32m"0"[39m
                  [36m>[39m
                    [0mMedium[0m
                  [36m</button>[39m
                  [36m<button[39m
                    [33mclass[39m=[32m"inline-flex items-center justify-center whitespace-nowrap rounded-md text-sm font-medium ring-offset-background focus-visible:outline-none focus-visible:ring-2 focus-visible:ring-ring focus-visible:ring-offset-2 disabled:pointer-events-none disabled:opacity-50 hover:bg-secondary/80 h-10 px-4 py-2 transition-all bg...
[90m [2m❯[22m Module.waitForWrapper node_modules/@testing-library/dom/dist/wait-for.js:[2m163:27[22m[39m
[36m [2m❯[22m src/pages/interview/MockInterviewSetup.test.tsx:[2m93:11[22m[39m
    [90m 91| [39m    fireEvent[33m.[39m[34mchange[39m(searchInput[33m,[39m { target[33m:[39m { value[33m:[39m [32m'Blind'[39m } })[33m;[39m
    [90m 92| [39m
    [90m 93| [39m    [35mawait[39m [34mwaitFor[39m(() [33m=>[39m {
    [90m   | [39m          [31m^[39m
    [90m 94| [39m      [34mexpect[39m(screen[33m.[39m[34mgetByText[39m([32m'Blind 75'[39m))[33m.[39m[34mtoBeInTheDocument[39m()[33m;[39m
    [90m 95| [39m    })[33m;[39m

[31m[2m⎯⎯⎯⎯⎯⎯⎯⎯⎯⎯⎯⎯⎯⎯⎯⎯⎯⎯⎯⎯⎯⎯⎯⎯[1/2]⎯[22m[39m

[41m[1m FAIL [22m[49m src/pages/interview/MockInterviewSetup.test.tsx[2m > [22mMockInterviewSetup[2m > [22mstarts interview session
[31m[1mAssertionError[22m[39m: expected "vi.fn()" to be called with arguments: [ Array(1) ][90m

Number of calls: [1m0[22m
[39m

Ignored nodes: comments, script, style
[36m<html>[39m
  [36m<head />[39m
  [36m<body>[39m
    [36m<div>[39m
      [36m<section[39m
        [33maria-atomic[39m=[32m"false"[39m
        [33maria-label[39m=[32m"Notifications alt+T"[39m
        [33maria-live[39m=[32m"polite"[39m
        [33maria-relevant[39m=[32m"additions text"[39m
        [33mtabindex[39m=[32m"-1"[39m
      [36m>[39m
        [36m<ol[39m
          [33mdata-sonner-theme[39m=[32m"light"[39m
          [33mdata-sonner-toaster[39m=[32m"true"[39m
          [33mdata-x-position[39m=[32m"right"[39m
          [33mdata-y-position[39m=[32m"bottom"[39m
          [33mdir[39m=[32m""[39m
          [33mstyle[39m=[32m"--front-toast-height: 0px; --width: 356px; --gap: 14px; --offset-top: 24px; --offset-right: 24px; --offset-bottom: 24px; --offset-left: 24px; --mobile-offset-top: 16px; --mobile-offset-right: 16px; --mobile-offset-bottom: 16px; --mobile-offset-left: 16px;"[39m
          [33mtabindex[39m=[32m"-1"[39m
        [36m>[39m
          [36m<li[39m
            [33mclass[39m=[32m"border-red-500/20 bg-red-500/10"[39m
            [33mdata-dismissible[39m=[32m"true"[39m
            [33mdata-expanded[39m=[32m"false"[39m
            [33mdata-front[39m=[32m"true"[39m
            [33mdata-index[39m=[32m"0"[39m
            [33mdata-mounted[39m=[32m"true"[39m
            [33mdata-promise[39m=[32m"false"[39m
            [33mdata-removed[39m=[32m"false"[39m
            [33mdata-sonner-toast[39m=[32m""[39m
            [33mdata-styled[39m=[32m"true"[39m
            [33mdata-swipe-out[39m=[32m"false"[39m
            [33mdata-swiped[39m=[32m"false"[39m
            [33mdata-swiping[39m=[32m"false"[39m
            [33mdata-type[39m=[32m"error"[39m
            [33mdata-visible[39m=[32m"true"[39m
            [33mdata-x-position[39m=[32m"right"[39m
            [33mdata-y-position[39m=[32m"bottom"[39m
            [33mstyle[39m=[32m"--index: 0; --toasts-before: 0; --z-index: 1; --offset: 0px; --initial-height: 0px;"[39m
            [33mtabindex[39m=[32m"0"[39m
          [36m>[39m
            [36m<div[39m
              [33mclass[39m=[32m""[39m
              [33mdata-icon[39m=[32m""[39m
            [36m>[39m
              [36m<svg[39m
                [33maria-hidden[39m=[32m"true"[39m
                [33mclass[39m=[32m"lucide lucide-circle-x w-5 h-5 text-red-500"[39m
                [33mfill[39m=[32m"none"[39m
                [33mheight[39m=[32m"24"[39m
                [33mstroke[39m=[32m"currentColor"[39m
                [33mstroke-linecap[39m=[32m"round"[39m
                [33mstroke-linejoin[39m=[32m"round"[39m
                [33mstroke-width[39m=[32m"2"[39m
                [33mviewBox[39m=[32m"0 0 24 24"[39m
                [33mwidth[39m=[32m"24"[39m
                [33mxmlns[39m=[32m"http://www.w3.org/2000/svg"[39m
              [36m>[39m
                [36m<circle[39m
                  [33mcx[39m=[32m"12"[39m
                  [33mcy[39m=[32m"12"[39m
                  [33mr[39m=[32m"10"[39m
                [36m/>[39m
                [36m<path[39m
                  [33md[39m=[32m"m15 9-6 6"[39m
                [36m/>[39m
                [36m<path[39m
                  [33md[39m=[32m"m9 9 6 6"[39m
                [36m/>[39m
              [36m</svg>[39m
            [36m</div>[39m
            [36m<div[39m
              [33mclass[39m=[32m""[39m
              [33mdata-content[39m=[32m""[39m
            [36m>[39m
              [36m<div[39m
                [33mclass[39m=[32m""[39m
                [33mdata-title[39m=[32m""[39m
              [36m>[39m
                [0mSomething went wrong[0m
              [36m</div>[39m
              [36m<div[39m
                [33mclass[39m=[32m""[39m
                [33mdata-description[39m=[32m""[39m
              [36m>[39m
                [0mPlease try again later.[0m
              [36m</div>[39m
            [36m</div>[39m
          [36m</li>[39m
        [36m</ol>[39m
      [36m</section>[39m
      [36m<div[39m
        [33mclass[39m=[32m"min-h-screen bg-background text-foreground font-sans p-8 flex flex-col items-center justify-center"[39m
      [36m>[39m
        [36m<div[39m
          [33mclass[39m=[32m"max-w-5xl w-full space-y-8"[39m
          [33mstyle[39m=[32m"opacity: 1; transform: none;"[39m
        [36m>[39m
          [36m<div[39m
            [33mclass[39m=[32m"text-center space-y-4 mb-12"[39m
          [36m>[39m
            [36m<div[39m
              [33mclass[39m=[32m"inline-flex items-center justify-center p-4 bg-primary/10 rounded-full mb-4 ring-1 ring-primary/20 shadow-[0_0_20px_rgba(62,207,142,0.2)]"[39m
            [36m>[39m
              [36m<svg[39m
                [33maria-hidden[39m=[32m"true"[39m
                [33mclass[39m=[32m"lucide lucide-brain w-10 h-10 text-primary"[39m
                [33mfill[39m=[32m"none"[39m
                [33mheight[39m=[32m"24"[39m
                [33mstroke[39m=[32m"currentColor"[39m
                [33mstroke-linecap[39m=[32m"round"[39m
                [33mstroke-linejoin[39m=[32m"round"[39m
                [33mstroke-width[39m=[32m"2"[39m
                [33mviewBox[39m=[32m"0 0 24 24"[39m
                [33mwidth[39m=[32m"24"[39m
                [33mxmlns[39m=[32m"http://www.w3.org/2000/svg"[39m
              [36m>[39m
                [36m<path[39m
                  [33md[39m=[32m"M12 18V5"[39m
                [36m/>[39m
                [36m<path[39m
                  [33md[39m=[32m"M15 13a4.17 4.17 0 0 1-3-4 4.17 4.17 0 0 1-3 4"[39m
                [36m/>[39m
                [36m<path[39m
                  [33md[39m=[32m"M17.598 6.5A3 3 0 1 0 12 5a3 3 0 1 0-5.598 1.5"[39m
                [36m/>[39m
                [36m<path[39m
                  [33md[39m=[32m"M17.997 5.125a4 4 0 0 1 2.526 5.77"[39m
                [36m/>[39m
                [36m<path[39m
                  [33md[39m=[32m"M18 18a4 4 0 0 0 2-7.464"[39m
                [36m/>[39m
                [36m<path[39m
                  [33md[39m=[32m"M19.967 17.483A4 4 0 1 1 12 18a4 4 0 1 1-7.967-.517"[39m
                [36m/>[39m
                [36m<path[39m
                  [33md[39m=[32m"M6 18a4 4 0 0 1-2-7.464"[39m
                [36m/>[39m
                [36m<path[39m
                  [33md[39m=[32m"M6.003 5.125a4 4 0 0 0-2.526 5.77"[39m
                [36m/>[39m
              [36m</svg>[39m
            [36m</div>[39m
            [36m<h1[39m
              [33mclass[39m=[32m"text-4xl font-bold text-foreground tracking-tight"[39m
            [36m>[39m
              [0mMock Interview Mode[0m
            [36m</h1>[39m
            [36m<p[39m
              [33mclass[39m=[...
[36m [2m❯[22m src/pages/interview/MockInterviewSetup.test.tsx:[2m126:28[22m[39m
    [90m124| [39m
    [90m125| [39m    [35mawait[39m [34mwaitFor[39m(() [33m=>[39m {
    [90m126| [39m      expect(mockNavigate).toHaveBeenCalledWith('/mock-interview/sessi…
    [90m   | [39m                           [31m^[39m
    [90m127| [39m    })[33m;[39m
    [90m128| [39m  })[33m;[39m
[90m [2m❯[22m runWithExpensiveErrorDiagnosticsDisabled node_modules/@testing-library/dom/dist/config.js:[2m47:12[22m[39m
[90m [2m❯[22m checkCallback node_modules/@testing-library/dom/dist/wait-for.js:[2m124:77[22m[39m
[90m [2m❯[22m Timeout.checkRealTimersCallback node_modules/@testing-library/dom/dist/wait-for.js:[2m118:16[22m[39m

[31m[2m⎯⎯⎯⎯⎯⎯⎯⎯⎯⎯⎯⎯⎯⎯⎯⎯⎯⎯⎯⎯⎯⎯⎯⎯[2/2]⎯[22m[39m


[2m Test Files [22m [1m[31m1 failed[39m[22m[90m (1)[39m
[2m      Tests [22m [1m[31m2 failed[39m[22m[2m | [22m[1m[32m3 passed[39m[22m[90m (5)[39m
[2m   Start at [22m 21:12:05
[2m   Duration [22m 5.52s[2m (transform 306ms, setup 299ms, import 1.02s, tests 2.73s, environment 1.25s)[22m

[1m[41m FAIL [49m[22m [31mTests failed. Watching for file changes...[39m
       [2mpress [22m[1mh[22m[2m to show help[22m[2m, [22m[2mpress [22m[1mq[22m[2m to quit[22m
c[3J[1m[44m RERUN [49m[22m [34m[2msrc/pages/interview/MockInterviewSetup.test.tsx [22m[34mx1 [34m[39m
       [2m Filename pattern: [22m[34msrc/pages/interview/MockInterviewSetup.test.tsx[39m

[90mstderr[2m | src/pages/interview/MockInterviewSetup.test.tsx[2m > [22m[2mMockInterviewSetup[2m > [22m[2mhandles list search and selection
[22m[39m[MSW] Warning: intercepted a request without a matching request handler:

  • GET /lists?page=1&limit=10&search=Blind

If you still wish to intercept this unhandled request, please create a request handler for it.
Read more: https://mswjs.io/docs/http/intercepting-requests

[90mstdout[2m | src/pages/interview/MockInterviewSetup.test.tsx[2m > [22m[2mMockInterviewSetup[2m > [22m[2mhandles list search and selection
[22m[39mFetch called with: http://localhost:3000/lists?page=1&limit=10&search=Blind

[90mstderr[2m | src/pages/interview/MockInterviewSetup.test.tsx[2m > [22m[2mMockInterviewSetup[2m > [22m[2mhandles list search and selection
[22m[39mFailed to fetch lists TypeError: originalResponse.clone is not a function
    at Object.passthrough [90m(file:///Users/siddharthskumar/Documents/Workspace/strkx/frontend/[39mnode_modules/[4m@mswjs[24m/interceptors/lib/node/chunk-OFW5L5ET.mjs:223:52[90m)[39m
    at _RequestController.passthrough [90m(file:///Users/siddharthskumar/Documents/Workspace/strkx/frontend/[39mnode_modules/[4m@mswjs[24m/interceptors/lib/node/chunk-JXGB54LE.mjs:196:5[90m)[39m
    at handleRequest [90m(file:///Users/siddharthskumar/Documents/Workspace/strkx/frontend/[39mnode_modules/[4m@mswjs[24m/interceptors/lib/node/chunk-R6T7CL5E.mjs:177:12[90m)[39m
    at globalThis.fetch [90m(file:///Users/siddharthskumar/Documents/Workspace/strkx/frontend/[39mnode_modules/[4m@mswjs[24m/interceptors/lib/node/chunk-OFW5L5ET.mjs:287:7[90m)[39m
    at fetchLists [90m(/Users/siddharthskumar/Documents/Workspace/strkx/frontend/[39msrc/pages/interview/MockInterviewSetup.tsx:58:19[90m)[39m

[90mstderr[2m | src/pages/interview/MockInterviewSetup.test.tsx[2m > [22m[2mMockInterviewSetup[2m > [22m[2mstarts interview session
[22m[39m[MSW] Warning: intercepted a request without a matching request handler:

  • POST /interview-sessions

  • Request body: {"questionCount":2}

If you still wish to intercept this unhandled request, please create a request handler for it.
Read more: https://mswjs.io/docs/http/intercepting-requests

[90mstderr[2m | src/pages/interview/MockInterviewSetup.test.tsx[2m > [22m[2mMockInterviewSetup[2m > [22m[2mstarts interview session
[22m[39mTypeError: url.includes is not a function
    at [90m/Users/siddharthskumar/Documents/Workspace/strkx/frontend/[39msrc/pages/interview/MockInterviewSetup.test.tsx:107:15
    at Mock [90m(file:///Users/siddharthskumar/Documents/Workspace/strkx/frontend/[39mnode_modules/[4m@vitest[24m/spy/dist/index.js:280:34[90m)[39m
    at [90mfile:///Users/siddharthskumar/Documents/Workspace/strkx/frontend/[39mnode_modules/[4m@mswjs[24m/interceptors/lib/node/chunk-OFW5L5ET.mjs:215:19
    at until [90m(file:///Users/siddharthskumar/Documents/Workspace/strkx/frontend/[39mnode_modules/[4m@open-draft[24m/until/lib/index.mjs:4:24[90m)[39m
    at Object.passthrough [90m(file:///Users/siddharthskumar/Documents/Workspace/strkx/frontend/[39mnode_modules/[4m@mswjs[24m/interceptors/lib/node/chunk-OFW5L5ET.mjs:214:74[90m)[39m
    at _RequestController.passthrough [90m(file:///Users/siddharthskumar/Documents/Workspace/strkx/frontend/[39mnode_modules/[4m@mswjs[24m/interceptors/lib/node/chunk-JXGB54LE.mjs:196:23[90m)[39m
    at handleRequest [90m(file:///Users/siddharthskumar/Documents/Workspace/strkx/frontend/[39mnode_modules/[4m@mswjs[24m/interceptors/lib/node/chunk-R6T7CL5E.mjs:177:37[90m)[39m
    at globalThis.fetch [90m(file:///Users/siddharthskumar/Documents/Workspace/strkx/frontend/[39mnode_modules/[4m@mswjs[24m/interceptors/lib/node/chunk-OFW5L5ET.mjs:287:7[90m)[39m
    at handleStart [90m(/Users/siddharthskumar/Documents/Workspace/strkx/frontend/[39msrc/pages/interview/MockInterviewSetup.tsx:134:19[90m)[39m

[90mstderr[2m | src/pages/interview/MockInterviewSetup.test.tsx[2m > [22m[2mMockInterviewSetup[2m > [22m[2mstarts interview session
[22m[39m[MSW] Warning: intercepted a request without a matching request handler:

  • GET /lists?page=1&limit=10&search=

If you still wish to intercept this unhandled request, please create a request handler for it.
Read more: https://mswjs.io/docs/http/intercepting-requests

[90mstderr[2m | src/pages/interview/MockInterviewSetup.test.tsx[2m > [22m[2mMockInterviewSetup[2m > [22m[2mstarts interview session
[22m[39mFailed to fetch lists TypeError: url.includes is not a function
    at [90m/Users/siddharthskumar/Documents/Workspace/strkx/frontend/[39msrc/pages/interview/MockInterviewSetup.test.tsx:107:15
    at Mock [90m(file:///Users/siddharthskumar/Documents/Workspace/strkx/frontend/[39mnode_modules/[4m@vitest[24m/spy/dist/index.js:280:34[90m)[39m
    at [90mfile:///Users/siddharthskumar/Documents/Workspace/strkx/frontend/[39mnode_modules/[4m@mswjs[24m/interceptors/lib/node/chunk-OFW5L5ET.mjs:215:19
    at until [90m(file:///Users/siddharthskumar/Documents/Workspace/strkx/frontend/[39mnode_modules/[4m@open-draft[24m/until/lib/index.mjs:4:24[90m)[39m
    at Object.passthrough [90m(file:///Users/siddharthskumar/Documents/Workspace/strkx/frontend/[39mnode_modules/[4m@mswjs[24m/interceptors/lib/node/chunk-OFW5L5ET.mjs:214:74[90m)[39m
    at _RequestController.passthrough [90m(file:///Users/siddharthskumar/Documents/Workspace/strkx/frontend/[39mnode_modules/[4m@mswjs[24m/interceptors/lib/node/chunk-JXGB54LE.mjs:196:23[90m)[39m
    at handleRequest [90m(file:///Users/siddharthskumar/Documents/Workspace/strkx/frontend/[39mnode_modules/[4m@mswjs[24m/interceptors/lib/node/chunk-R6T7CL5E.mjs:177:37[90m)[39m
    at globalThis.fetch [90m(file:///Users/siddharthskumar/Documents/Workspace/strkx/frontend/[39mnode_modules/[4m@mswjs[24m/interceptors/lib/node/chunk-OFW5L5ET.mjs:287:7[90m)[39m
    at fetchLists [90m(/Users/siddharthskumar/Documents/Workspace/strkx/frontend/[39msrc/pages/interview/MockInterviewSetup.tsx:58:19[90m)[39m

 [31m❯[39m src/pages/interview/MockInterviewSetup.test.tsx [2m([22m[2m5 tests[22m[2m | [22m[31m2 failed[39m[2m)[22m[33m 5056[2mms[22m[39m
     [33m[2m✓[22m[39m renders setup page correctly [33m 829[2mms[22m[39m
     [33m[2m✓[22m[39m allows selecting difficulty [33m 973[2mms[22m[39m
     [33m[2m✓[22m[39m allows selecting status [33m 806[2mms[22m[39m
[31m     [31m×[31m handles list search and selection[39m[33m 1147[2mms[22m[39m
[31m     [31m×[31m starts interview session[39m[33m 1246[2mms[22m[39m

[31m⎯⎯⎯⎯⎯⎯⎯[39m[1m[41m Failed Tests 2 [49m[22m[31m⎯⎯⎯⎯⎯⎯⎯[39m

[41m[1m FAIL [22m[49m src/pages/interview/MockInterviewSetup.test.tsx[2m > [22mMockInterviewSetup[2m > [22mhandles list search and selection
[31m[1mTestingLibraryElementError[22m[39m: Unable to find an element with the text: Blind 75. This could be because the text is broken up by multiple elements. In this case, you can provide a function for your text matcher to make your matcher more flexible.

Ignored nodes: comments, script, style
[36m<body>[39m
  [36m<div>[39m
    [36m<section[39m
      [33maria-atomic[39m=[32m"false"[39m
      [33maria-label[39m=[32m"Notifications alt+T"[39m
      [33maria-live[39m=[32m"polite"[39m
      [33maria-relevant[39m=[32m"additions text"[39m
      [33mtabindex[39m=[32m"-1"[39m
    [36m/>[39m
    [36m<div[39m
      [33mclass[39m=[32m"min-h-screen bg-background text-foreground font-sans p-8 flex flex-col items-center justify-center"[39m
    [36m>[39m
      [36m<div[39m
        [33mclass[39m=[32m"max-w-5xl w-full space-y-8"[39m
        [33mstyle[39m=[32m"opacity: 1; transform: none;"[39m
      [36m>[39m
        [36m<div[39m
          [33mclass[39m=[32m"text-center space-y-4 mb-12"[39m
        [36m>[39m
          [36m<div[39m
            [33mclass[39m=[32m"inline-flex items-center justify-center p-4 bg-primary/10 rounded-full mb-4 ring-1 ring-primary/20 shadow-[0_0_20px_rgba(62,207,142,0.2)]"[39m
          [36m>[39m
            [36m<svg[39m
              [33maria-hidden[39m=[32m"true"[39m
              [33mclass[39m=[32m"lucide lucide-brain w-10 h-10 text-primary"[39m
              [33mfill[39m=[32m"none"[39m
              [33mheight[39m=[32m"24"[39m
              [33mstroke[39m=[32m"currentColor"[39m
              [33mstroke-linecap[39m=[32m"round"[39m
              [33mstroke-linejoin[39m=[32m"round"[39m
              [33mstroke-width[39m=[32m"2"[39m
              [33mviewBox[39m=[32m"0 0 24 24"[39m
              [33mwidth[39m=[32m"24"[39m
              [33mxmlns[39m=[32m"http://www.w3.org/2000/svg"[39m
            [36m>[39m
              [36m<path[39m
                [33md[39m=[32m"M12 18V5"[39m
              [36m/>[39m
              [36m<path[39m
                [33md[39m=[32m"M15 13a4.17 4.17 0 0 1-3-4 4.17 4.17 0 0 1-3 4"[39m
              [36m/>[39m
              [36m<path[39m
                [33md[39m=[32m"M17.598 6.5A3 3 0 1 0 12 5a3 3 0 1 0-5.598 1.5"[39m
              [36m/>[39m
              [36m<path[39m
                [33md[39m=[32m"M17.997 5.125a4 4 0 0 1 2.526 5.77"[39m
              [36m/>[39m
              [36m<path[39m
                [33md[39m=[32m"M18 18a4 4 0 0 0 2-7.464"[39m
              [36m/>[39m
              [36m<path[39m
                [33md[39m=[32m"M19.967 17.483A4 4 0 1 1 12 18a4 4 0 1 1-7.967-.517"[39m
              [36m/>[39m
              [36m<path[39m
                [33md[39m=[32m"M6 18a4 4 0 0 1-2-7.464"[39m
              [36m/>[39m
              [36m<path[39m
                [33md[39m=[32m"M6.003 5.125a4 4 0 0 0-2.526 5.77"[39m
              [36m/>[39m
            [36m</svg>[39m
          [36m</div>[39m
          [36m<h1[39m
            [33mclass[39m=[32m"text-4xl font-bold text-foreground tracking-tight"[39m
          [36m>[39m
            [0mMock Interview Mode[0m
          [36m</h1>[39m
          [36m<p[39m
            [33mclass[39m=[32m"text-muted-foreground text-lg max-w-lg mx-auto"[39m
          [36m>[39m
            [0mSimulate a real technical interview environment. Strict timing, no AI assistance, and realistic pressure.[0m
          [36m</p>[39m
        [36m</div>[39m
        [36m<div[39m
          [33mclass[39m=[32m"grid grid-cols-1 md:grid-cols-2 gap-6"[39m
        [36m>[39m
          [36m<div[39m
            [33mclass[39m=[32m"space-y-6"[39m
          [36m>[39m
            [36m<div[39m
              [33mclass[39m=[32m"bg-card border border-border rounded-xl p-6 shadow-sm hover:border-primary/20 transition-colors"[39m
            [36m>[39m
              [36m<label[39m
                [33mclass[39m=[32m"peer-disabled:cursor-not-allowed peer-disabled:opacity-70 flex items-center gap-2 text-sm font-semibold text-foreground mb-4 uppercase tracking-wider"[39m
              [36m>[39m
                [36m<svg[39m
                  [33maria-hidden[39m=[32m"true"[39m
                  [33mclass[39m=[32m"lucide lucide-funnel w-4 h-4 text-primary"[39m
                  [33mfill[39m=[32m"none"[39m
                  [33mheight[39m=[32m"24"[39m
                  [33mstroke[39m=[32m"currentColor"[39m
                  [33mstroke-linecap[39m=[32m"round"[39m
                  [33mstroke-linejoin[39m=[32m"round"[39m
                  [33mstroke-width[39m=[32m"2"[39m
                  [33mviewBox[39m=[32m"0 0 24 24"[39m
                  [33mwidth[39m=[32m"24"[39m
                  [33mxmlns[39m=[32m"http://www.w3.org/2000/svg"[39m
                [36m>[39m
                  [36m<path[39m
                    [33md[39m=[32m"M10 20a1 1 0 0 0 .553.895l2 1A1 1 0 0 0 14 21v-7a2 2 0 0 1 .517-1.341L21.74 4.67A1 1 0 0 0 21 3H3a1 1 0 0 0-.742 1.67l7.225 7.989A2 2 0 0 1 10 14z"[39m
                  [36m/>[39m
                [36m</svg>[39m
                [0m Difficulty[0m
              [36m</label>[39m
              [36m<div[39m
                [33mclass[39m=[32m"flex flex-wrap gap-2"[39m
              [36m>[39m
                [36m<button[39m
                  [33mclass[39m=[32m"inline-flex items-center justify-center whitespace-nowrap rounded-md text-sm font-medium ring-offset-background focus-visible:outline-none focus-visible:ring-2 focus-visible:ring-ring focus-visible:ring-offset-2 disabled:pointer-events-none disabled:opacity-50 hover:bg-secondary/80 h-10 px-4 py-2 transition-all bg-secondary/50 text-muted-foreground hover:text-foreground"[39m
                  [33mtabindex[39m=[32m"0"[39m
                [36m>[39m
                  [0mEasy[0m
                [36m</button>[39m
                [36m<button[39m
                  [33mclass[39m=[32m"inline-flex items-center justify-center whitespace-nowrap rounded-md text-sm font-medium ring-offset-background focus-visible:outline-none focus-visible:ring-2 focus-visible:ring-ring focus-visible:ring-offset-2 disabled:pointer-events-none disabled:opacity-50 hover:bg-secondary/80 h-10 px-4 py-2 transition-all bg-secondary/50 text-muted-foreground hover:text-foreground"[39m
                  [33mtabindex[39m=[32m"0"[39m
                [36m>[39m
                  [0mMedium[0m
                [36m</button>[39m
                [36m<button[39m
                  [33mclass[39m=[32m"inline-flex items-center justify-center whitespace-nowrap rounded-md text-sm font-medium ring-offset-background focus-visible:outline-none focus-visible:ring-2 focus-visible:ring-ring focus-visible:ring-offset-2 disabled:pointer-events-none disabled:opacity-50 hover:bg-secondary/80 h-10 px-4 py-2 transition-all bg-secondary/50 text-muted-foreground hover:text-foreground"[39m
                  [33mtabindex[39m=[32m"0"[39m
                [36m>[39m
                  [0mHard[0m
                [36m</button>[39m
              [36m</div>[39m
            [36m</div>[39m
        ...

Ignored nodes: comments, script, style
[36m<html>[39m
  [36m<head />[39m
  [36m<body>[39m
    [36m<div>[39m
      [36m<section[39m
        [33maria-atomic[39m=[32m"false"[39m
        [33maria-label[39m=[32m"Notifications alt+T"[39m
        [33maria-live[39m=[32m"polite"[39m
        [33maria-relevant[39m=[32m"additions text"[39m
        [33mtabindex[39m=[32m"-1"[39m
      [36m/>[39m
      [36m<div[39m
        [33mclass[39m=[32m"min-h-screen bg-background text-foreground font-sans p-8 flex flex-col items-center justify-center"[39m
      [36m>[39m
        [36m<div[39m
          [33mclass[39m=[32m"max-w-5xl w-full space-y-8"[39m
          [33mstyle[39m=[32m"opacity: 1; transform: none;"[39m
        [36m>[39m
          [36m<div[39m
            [33mclass[39m=[32m"text-center space-y-4 mb-12"[39m
          [36m>[39m
            [36m<div[39m
              [33mclass[39m=[32m"inline-flex items-center justify-center p-4 bg-primary/10 rounded-full mb-4 ring-1 ring-primary/20 shadow-[0_0_20px_rgba(62,207,142,0.2)]"[39m
            [36m>[39m
              [36m<svg[39m
                [33maria-hidden[39m=[32m"true"[39m
                [33mclass[39m=[32m"lucide lucide-brain w-10 h-10 text-primary"[39m
                [33mfill[39m=[32m"none"[39m
                [33mheight[39m=[32m"24"[39m
                [33mstroke[39m=[32m"currentColor"[39m
                [33mstroke-linecap[39m=[32m"round"[39m
                [33mstroke-linejoin[39m=[32m"round"[39m
                [33mstroke-width[39m=[32m"2"[39m
                [33mviewBox[39m=[32m"0 0 24 24"[39m
                [33mwidth[39m=[32m"24"[39m
                [33mxmlns[39m=[32m"http://www.w3.org/2000/svg"[39m
              [36m>[39m
                [36m<path[39m
                  [33md[39m=[32m"M12 18V5"[39m
                [36m/>[39m
                [36m<path[39m
                  [33md[39m=[32m"M15 13a4.17 4.17 0 0 1-3-4 4.17 4.17 0 0 1-3 4"[39m
                [36m/>[39m
                [36m<path[39m
                  [33md[39m=[32m"M17.598 6.5A3 3 0 1 0 12 5a3 3 0 1 0-5.598 1.5"[39m
                [36m/>[39m
                [36m<path[39m
                  [33md[39m=[32m"M17.997 5.125a4 4 0 0 1 2.526 5.77"[39m
                [36m/>[39m
                [36m<path[39m
                  [33md[39m=[32m"M18 18a4 4 0 0 0 2-7.464"[39m
                [36m/>[39m
                [36m<path[39m
                  [33md[39m=[32m"M19.967 17.483A4 4 0 1 1 12 18a4 4 0 1 1-7.967-.517"[39m
                [36m/>[39m
                [36m<path[39m
                  [33md[39m=[32m"M6 18a4 4 0 0 1-2-7.464"[39m
                [36m/>[39m
                [36m<path[39m
                  [33md[39m=[32m"M6.003 5.125a4 4 0 0 0-2.526 5.77"[39m
                [36m/>[39m
              [36m</svg>[39m
            [36m</div>[39m
            [36m<h1[39m
              [33mclass[39m=[32m"text-4xl font-bold text-foreground tracking-tight"[39m
            [36m>[39m
              [0mMock Interview Mode[0m
            [36m</h1>[39m
            [36m<p[39m
              [33mclass[39m=[32m"text-muted-foreground text-lg max-w-lg mx-auto"[39m
            [36m>[39m
              [0mSimulate a real technical interview environment. Strict timing, no AI assistance, and realistic pressure.[0m
            [36m</p>[39m
          [36m</div>[39m
          [36m<div[39m
            [33mclass[39m=[32m"grid grid-cols-1 md:grid-cols-2 gap-6"[39m
          [36m>[39m
            [36m<div[39m
              [33mclass[39m=[32m"space-y-6"[39m
            [36m>[39m
              [36m<div[39m
                [33mclass[39m=[32m"bg-card border border-border rounded-xl p-6 shadow-sm hover:border-primary/20 transition-colors"[39m
              [36m>[39m
                [36m<label[39m
                  [33mclass[39m=[32m"peer-disabled:cursor-not-allowed peer-disabled:opacity-70 flex items-center gap-2 text-sm font-semibold text-foreground mb-4 uppercase tracking-wider"[39m
                [36m>[39m
                  [36m<svg[39m
                    [33maria-hidden[39m=[32m"true"[39m
                    [33mclass[39m=[32m"lucide lucide-funnel w-4 h-4 text-primary"[39m
                    [33mfill[39m=[32m"none"[39m
                    [33mheight[39m=[32m"24"[39m
                    [33mstroke[39m=[32m"currentColor"[39m
                    [33mstroke-linecap[39m=[32m"round"[39m
                    [33mstroke-linejoin[39m=[32m"round"[39m
                    [33mstroke-width[39m=[32m"2"[39m
                    [33mviewBox[39m=[32m"0 0 24 24"[39m
                    [33mwidth[39m=[32m"24"[39m
                    [33mxmlns[39m=[32m"http://www.w3.org/2000/svg"[39m
                  [36m>[39m
                    [36m<path[39m
                      [33md[39m=[32m"M10 20a1 1 0 0 0 .553.895l2 1A1 1 0 0 0 14 21v-7a2 2 0 0 1 .517-1.341L21.74 4.67A1 1 0 0 0 21 3H3a1 1 0 0 0-.742 1.67l7.225 7.989A2 2 0 0 1 10 14z"[39m
                    [36m/>[39m
                  [36m</svg>[39m
                  [0m Difficulty[0m
                [36m</label>[39m
                [36m<div[39m
                  [33mclass[39m=[32m"flex flex-wrap gap-2"[39m
                [36m>[39m
                  [36m<button[39m
                    [33mclass[39m=[32m"inline-flex items-center justify-center whitespace-nowrap rounded-md text-sm font-medium ring-offset-background focus-visible:outline-none focus-visible:ring-2 focus-visible:ring-ring focus-visible:ring-offset-2 disabled:pointer-events-none disabled:opacity-50 hover:bg-secondary/80 h-10 px-4 py-2 transition-all bg-secondary/50 text-muted-foreground hover:text-foreground"[39m
                    [33mtabindex[39m=[32m"0"[39m
                  [36m>[39m
                    [0mEasy[0m
                  [36m</button>[39m
                  [36m<button[39m
                    [33mclass[39m=[32m"inline-flex items-center justify-center whitespace-nowrap rounded-md text-sm font-medium ring-offset-background focus-visible:outline-none focus-visible:ring-2 focus-visible:ring-ring focus-visible:ring-offset-2 disabled:pointer-events-none disabled:opacity-50 hover:bg-secondary/80 h-10 px-4 py-2 transition-all bg-secondary/50 text-muted-foreground hover:text-foreground"[39m
                    [33mtabindex[39m=[32m"0"[39m
                  [36m>[39m
                    [0mMedium[0m
                  [36m</button>[39m
                  [36m<button[39m
                    [33mclass[39m=[32m"inline-flex items-center justify-center whitespace-nowrap rounded-md text-sm font-medium ring-offset-background focus-visible:outline-none focus-visible:ring-2 focus-visible:ring-ring focus-visible:ring-offset-2 disabled:pointer-events-none disabled:opacity-50 hover:bg-secondary/80 h-10 px-4 py-2 transition-all bg...
[90m [2m❯[22m Module.waitForWrapper node_modules/@testing-library/dom/dist/wait-for.js:[2m163:27[22m[39m
[36m [2m❯[22m src/pages/interview/MockInterviewSetup.test.tsx:[2m95:11[22m[39m
    [90m 93| [39m    fireEvent[33m.[39m[34mchange[39m(searchInput[33m,[39m { target[33m:[39m { value[33m:[39m [32m'Blind'[39m } })[33m;[39m
    [90m 94| [39m
    [90m 95| [39m    [35mawait[39m [34mwaitFor[39m(() [33m=>[39m {
    [90m   | [39m          [31m^[39m
    [90m 96| [39m      [34mexpect[39m(screen[33m.[39m[34mgetByText[39m([32m'Blind 75'[39m))[33m.[39m[34mtoBeInTheDocument[39m()[33m;[39m
    [90m 97| [39m    })[33m;[39m

[31m[2m⎯⎯⎯⎯⎯⎯⎯⎯⎯⎯⎯⎯⎯⎯⎯⎯⎯⎯⎯⎯⎯⎯⎯⎯[1/2]⎯[22m[39m

[41m[1m FAIL [22m[49m src/pages/interview/MockInterviewSetup.test.tsx[2m > [22mMockInterviewSetup[2m > [22mstarts interview session
[31m[1mAssertionError[22m[39m: expected "vi.fn()" to be called with arguments: [ Array(1) ][90m

Number of calls: [1m0[22m
[39m

Ignored nodes: comments, script, style
[36m<html>[39m
  [36m<head />[39m
  [36m<body>[39m
    [36m<div>[39m
      [36m<section[39m
        [33maria-atomic[39m=[32m"false"[39m
        [33maria-label[39m=[32m"Notifications alt+T"[39m
        [33maria-live[39m=[32m"polite"[39m
        [33maria-relevant[39m=[32m"additions text"[39m
        [33mtabindex[39m=[32m"-1"[39m
      [36m>[39m
        [36m<ol[39m
          [33mdata-sonner-theme[39m=[32m"light"[39m
          [33mdata-sonner-toaster[39m=[32m"true"[39m
          [33mdata-x-position[39m=[32m"right"[39m
          [33mdata-y-position[39m=[32m"bottom"[39m
          [33mdir[39m=[32m""[39m
          [33mstyle[39m=[32m"--front-toast-height: 0px; --width: 356px; --gap: 14px; --offset-top: 24px; --offset-right: 24px; --offset-bottom: 24px; --offset-left: 24px; --mobile-offset-top: 16px; --mobile-offset-right: 16px; --mobile-offset-bottom: 16px; --mobile-offset-left: 16px;"[39m
          [33mtabindex[39m=[32m"-1"[39m
        [36m>[39m
          [36m<li[39m
            [33mclass[39m=[32m"border-red-500/20 bg-red-500/10"[39m
            [33mdata-dismissible[39m=[32m"true"[39m
            [33mdata-expanded[39m=[32m"false"[39m
            [33mdata-front[39m=[32m"true"[39m
            [33mdata-index[39m=[32m"0"[39m
            [33mdata-mounted[39m=[32m"true"[39m
            [33mdata-promise[39m=[32m"false"[39m
            [33mdata-removed[39m=[32m"false"[39m
            [33mdata-sonner-toast[39m=[32m""[39m
            [33mdata-styled[39m=[32m"true"[39m
            [33mdata-swipe-out[39m=[32m"false"[39m
            [33mdata-swiped[39m=[32m"false"[39m
            [33mdata-swiping[39m=[32m"false"[39m
            [33mdata-type[39m=[32m"error"[39m
            [33mdata-visible[39m=[32m"true"[39m
            [33mdata-x-position[39m=[32m"right"[39m
            [33mdata-y-position[39m=[32m"bottom"[39m
            [33mstyle[39m=[32m"--index: 0; --toasts-before: 0; --z-index: 1; --offset: 0px; --initial-height: 0px;"[39m
            [33mtabindex[39m=[32m"0"[39m
          [36m>[39m
            [36m<div[39m
              [33mclass[39m=[32m""[39m
              [33mdata-icon[39m=[32m""[39m
            [36m>[39m
              [36m<svg[39m
                [33maria-hidden[39m=[32m"true"[39m
                [33mclass[39m=[32m"lucide lucide-circle-x w-5 h-5 text-red-500"[39m
                [33mfill[39m=[32m"none"[39m
                [33mheight[39m=[32m"24"[39m
                [33mstroke[39m=[32m"currentColor"[39m
                [33mstroke-linecap[39m=[32m"round"[39m
                [33mstroke-linejoin[39m=[32m"round"[39m
                [33mstroke-width[39m=[32m"2"[39m
                [33mviewBox[39m=[32m"0 0 24 24"[39m
                [33mwidth[39m=[32m"24"[39m
                [33mxmlns[39m=[32m"http://www.w3.org/2000/svg"[39m
              [36m>[39m
                [36m<circle[39m
                  [33mcx[39m=[32m"12"[39m
                  [33mcy[39m=[32m"12"[39m
                  [33mr[39m=[32m"10"[39m
                [36m/>[39m
                [36m<path[39m
                  [33md[39m=[32m"m15 9-6 6"[39m
                [36m/>[39m
                [36m<path[39m
                  [33md[39m=[32m"m9 9 6 6"[39m
                [36m/>[39m
              [36m</svg>[39m
            [36m</div>[39m
            [36m<div[39m
              [33mclass[39m=[32m""[39m
              [33mdata-content[39m=[32m""[39m
            [36m>[39m
              [36m<div[39m
                [33mclass[39m=[32m""[39m
                [33mdata-title[39m=[32m""[39m
              [36m>[39m
                [0mSomething went wrong[0m
              [36m</div>[39m
              [36m<div[39m
                [33mclass[39m=[32m""[39m
                [33mdata-description[39m=[32m""[39m
              [36m>[39m
                [0mPlease try again later.[0m
              [36m</div>[39m
            [36m</div>[39m
          [36m</li>[39m
        [36m</ol>[39m
      [36m</section>[39m
      [36m<div[39m
        [33mclass[39m=[32m"min-h-screen bg-background text-foreground font-sans p-8 flex flex-col items-center justify-center"[39m
      [36m>[39m
        [36m<div[39m
          [33mclass[39m=[32m"max-w-5xl w-full space-y-8"[39m
          [33mstyle[39m=[32m"opacity: 1; transform: none;"[39m
        [36m>[39m
          [36m<div[39m
            [33mclass[39m=[32m"text-center space-y-4 mb-12"[39m
          [36m>[39m
            [36m<div[39m
              [33mclass[39m=[32m"inline-flex items-center justify-center p-4 bg-primary/10 rounded-full mb-4 ring-1 ring-primary/20 shadow-[0_0_20px_rgba(62,207,142,0.2)]"[39m
            [36m>[39m
              [36m<svg[39m
                [33maria-hidden[39m=[32m"true"[39m
                [33mclass[39m=[32m"lucide lucide-brain w-10 h-10 text-primary"[39m
                [33mfill[39m=[32m"none"[39m
                [33mheight[39m=[32m"24"[39m
                [33mstroke[39m=[32m"currentColor"[39m
                [33mstroke-linecap[39m=[32m"round"[39m
                [33mstroke-linejoin[39m=[32m"round"[39m
                [33mstroke-width[39m=[32m"2"[39m
                [33mviewBox[39m=[32m"0 0 24 24"[39m
                [33mwidth[39m=[32m"24"[39m
                [33mxmlns[39m=[32m"http://www.w3.org/2000/svg"[39m
              [36m>[39m
                [36m<path[39m
                  [33md[39m=[32m"M12 18V5"[39m
                [36m/>[39m
                [36m<path[39m
                  [33md[39m=[32m"M15 13a4.17 4.17 0 0 1-3-4 4.17 4.17 0 0 1-3 4"[39m
                [36m/>[39m
                [36m<path[39m
                  [33md[39m=[32m"M17.598 6.5A3 3 0 1 0 12 5a3 3 0 1 0-5.598 1.5"[39m
                [36m/>[39m
                [36m<path[39m
                  [33md[39m=[32m"M17.997 5.125a4 4 0 0 1 2.526 5.77"[39m
                [36m/>[39m
                [36m<path[39m
                  [33md[39m=[32m"M18 18a4 4 0 0 0 2-7.464"[39m
                [36m/>[39m
                [36m<path[39m
                  [33md[39m=[32m"M19.967 17.483A4 4 0 1 1 12 18a4 4 0 1 1-7.967-.517"[39m
                [36m/>[39m
                [36m<path[39m
                  [33md[39m=[32m"M6 18a4 4 0 0 1-2-7.464"[39m
                [36m/>[39m
                [36m<path[39m
                  [33md[39m=[32m"M6.003 5.125a4 4 0 0 0-2.526 5.77"[39m
                [36m/>[39m
              [36m</svg>[39m
            [36m</div>[39m
            [36m<h1[39m
              [33mclass[39m=[32m"text-4xl font-bold text-foreground tracking-tight"[39m
            [36m>[39m
              [0mMock Interview Mode[0m
            [36m</h1>[39m
            [36m<p[39m
              [33mclass[39m=[...
[36m [2m❯[22m src/pages/interview/MockInterviewSetup.test.tsx:[2m128:28[22m[39m
    [90m126| [39m
    [90m127| [39m    [35mawait[39m [34mwaitFor[39m(() [33m=>[39m {
    [90m128| [39m      expect(mockNavigate).toHaveBeenCalledWith('/mock-interview/sessi…
    [90m   | [39m                           [31m^[39m
    [90m129| [39m    })[33m;[39m
    [90m130| [39m  })[33m;[39m
[90m [2m❯[22m runWithExpensiveErrorDiagnosticsDisabled node_modules/@testing-library/dom/dist/config.js:[2m47:12[22m[39m
[90m [2m❯[22m checkCallback node_modules/@testing-library/dom/dist/wait-for.js:[2m124:77[22m[39m
[90m [2m❯[22m Timeout.checkRealTimersCallback node_modules/@testing-library/dom/dist/wait-for.js:[2m118:16[22m[39m

[31m[2m⎯⎯⎯⎯⎯⎯⎯⎯⎯⎯⎯⎯⎯⎯⎯⎯⎯⎯⎯⎯⎯⎯⎯⎯[2/2]⎯[22m[39m


[2m Test Files [22m [1m[31m1 failed[39m[22m[90m (1)[39m
[2m      Tests [22m [1m[31m2 failed[39m[22m[2m | [22m[1m[32m3 passed[39m[22m[90m (5)[39m
[2m   Start at [22m 21:12:48
[2m   Duration [22m 9.80s

[1m[41m FAIL [49m[22m [31mTests failed. Watching for file changes...[39m
       [2mpress [22m[1mh[22m[2m to show help[22m[2m, [22m[2mpress [22m[1mq[22m[2m to quit[22m
c[3J[1m[44m RERUN [49m[22m [34m[2msrc/pages/interview/MockInterviewSetup.test.tsx [22m[34mx2 [34m[39m
       [2m Filename pattern: [22m[34msrc/pages/interview/MockInterviewSetup.test.tsx[39m

[90mstderr[2m | src/pages/interview/MockInterviewSetup.test.tsx[2m > [22m[2mMockInterviewSetup[2m > [22m[2mhandles list search and selection
[22m[39m[MSW] Warning: intercepted a request without a matching request handler:

  • GET /lists?page=1&limit=10&search=Blind

If you still wish to intercept this unhandled request, please create a request handler for it.
Read more: https://mswjs.io/docs/http/intercepting-requests

[90mstdout[2m | src/pages/interview/MockInterviewSetup.test.tsx[2m > [22m[2mMockInterviewSetup[2m > [22m[2mhandles list search and selection
[22m[39mFetch called with: http://localhost:3000/lists?page=1&limit=10&search=Blind

[90mstderr[2m | src/pages/interview/MockInterviewSetup.test.tsx[2m > [22m[2mMockInterviewSetup[2m > [22m[2mstarts interview session
[22m[39m[MSW] Warning: intercepted a request without a matching request handler:

  • POST /interview-sessions

  • Request body: {"questionCount":2}

If you still wish to intercept this unhandled request, please create a request handler for it.
Read more: https://mswjs.io/docs/http/intercepting-requests

[90mstderr[2m | src/pages/interview/MockInterviewSetup.test.tsx[2m > [22m[2mMockInterviewSetup[2m > [22m[2mstarts interview session
[22m[39mTypeError: url.includes is not a function
    at [90m/Users/siddharthskumar/Documents/Workspace/strkx/frontend/[39msrc/pages/interview/MockInterviewSetup.test.tsx:107:15
    at Mock [90m(file:///Users/siddharthskumar/Documents/Workspace/strkx/frontend/[39mnode_modules/[4m@vitest[24m/spy/dist/index.js:280:34[90m)[39m
    at [90mfile:///Users/siddharthskumar/Documents/Workspace/strkx/frontend/[39mnode_modules/[4m@mswjs[24m/interceptors/lib/node/chunk-OFW5L5ET.mjs:215:19
    at until [90m(file:///Users/siddharthskumar/Documents/Workspace/strkx/frontend/[39mnode_modules/[4m@open-draft[24m/until/lib/index.mjs:4:24[90m)[39m
    at Object.passthrough [90m(file:///Users/siddharthskumar/Documents/Workspace/strkx/frontend/[39mnode_modules/[4m@mswjs[24m/interceptors/lib/node/chunk-OFW5L5ET.mjs:214:74[90m)[39m
    at _RequestController.passthrough [90m(file:///Users/siddharthskumar/Documents/Workspace/strkx/frontend/[39mnode_modules/[4m@mswjs[24m/interceptors/lib/node/chunk-JXGB54LE.mjs:196:23[90m)[39m
    at handleRequest [90m(file:///Users/siddharthskumar/Documents/Workspace/strkx/frontend/[39mnode_modules/[4m@mswjs[24m/interceptors/lib/node/chunk-R6T7CL5E.mjs:177:37[90m)[39m
    at globalThis.fetch [90m(file:///Users/siddharthskumar/Documents/Workspace/strkx/frontend/[39mnode_modules/[4m@mswjs[24m/interceptors/lib/node/chunk-OFW5L5ET.mjs:287:7[90m)[39m
    at handleStart [90m(/Users/siddharthskumar/Documents/Workspace/strkx/frontend/[39msrc/pages/interview/MockInterviewSetup.tsx:134:19[90m)[39m

[90mstderr[2m | src/pages/interview/MockInterviewSetup.test.tsx[2m > [22m[2mMockInterviewSetup[2m > [22m[2mstarts interview session
[22m[39m[MSW] Warning: intercepted a request without a matching request handler:

  • GET /lists?page=1&limit=10&search=

If you still wish to intercept this unhandled request, please create a request handler for it.
Read more: https://mswjs.io/docs/http/intercepting-requests

[90mstderr[2m | src/pages/interview/MockInterviewSetup.test.tsx[2m > [22m[2mMockInterviewSetup[2m > [22m[2mstarts interview session
[22m[39mFailed to fetch lists TypeError: url.includes is not a function
    at [90m/Users/siddharthskumar/Documents/Workspace/strkx/frontend/[39msrc/pages/interview/MockInterviewSetup.test.tsx:107:15
    at Mock [90m(file:///Users/siddharthskumar/Documents/Workspace/strkx/frontend/[39mnode_modules/[4m@vitest[24m/spy/dist/index.js:280:34[90m)[39m
    at [90mfile:///Users/siddharthskumar/Documents/Workspace/strkx/frontend/[39mnode_modules/[4m@mswjs[24m/interceptors/lib/node/chunk-OFW5L5ET.mjs:215:19
    at until [90m(file:///Users/siddharthskumar/Documents/Workspace/strkx/frontend/[39mnode_modules/[4m@open-draft[24m/until/lib/index.mjs:4:24[90m)[39m
    at Object.passthrough [90m(file:///Users/siddharthskumar/Documents/Workspace/strkx/frontend/[39mnode_modules/[4m@mswjs[24m/interceptors/lib/node/chunk-OFW5L5ET.mjs:214:74[90m)[39m
    at _RequestController.passthrough [90m(file:///Users/siddharthskumar/Documents/Workspace/strkx/frontend/[39mnode_modules/[4m@mswjs[24m/interceptors/lib/node/chunk-JXGB54LE.mjs:196:23[90m)[39m
    at handleRequest [90m(file:///Users/siddharthskumar/Documents/Workspace/strkx/frontend/[39mnode_modules/[4m@mswjs[24m/interceptors/lib/node/chunk-R6T7CL5E.mjs:177:37[90m)[39m
[90m    at runNextTicks (node:internal/process/task_queues:65:5)[39m
[90m    at processTimers (node:internal/timers:520:9)[39m
    at globalThis.fetch [90m(file:///Users/siddharthskumar/Documents/Workspace/strkx/frontend/[39mnode_modules/[4m@mswjs[24m/interceptors/lib/node/chunk-OFW5L5ET.mjs:287:7[90m)[39m

 [31m❯[39m src/pages/interview/MockInterviewSetup.test.tsx [2m([22m[2m5 tests[22m[2m | [22m[31m2 failed[39m[2m)[22m[33m 4968[2mms[22m[39m
     [33m[2m✓[22m[39m renders setup page correctly [33m 996[2mms[22m[39m
     [33m[2m✓[22m[39m allows selecting difficulty [33m 723[2mms[22m[39m
     [33m[2m✓[22m[39m allows selecting status [33m 736[2mms[22m[39m
[31m     [31m×[31m handles list search and selection[39m[33m 927[2mms[22m[39m
[31m     [31m×[31m starts interview session[39m[33m 1571[2mms[22m[39m

[31m⎯⎯⎯⎯⎯⎯⎯[39m[1m[41m Failed Tests 2 [49m[22m[31m⎯⎯⎯⎯⎯⎯⎯[39m

[41m[1m FAIL [22m[49m src/pages/interview/MockInterviewSetup.test.tsx[2m > [22mMockInterviewSetup[2m > [22mhandles list search and selection
[31m[1mTestingLibraryElementError[22m[39m: Found multiple elements with the text: Blind 75

Here are the matching elements:

Ignored nodes: comments, script, style
[36m<span>[39m
  [0mBlind 75[0m
[36m</span>[39m

Ignored nodes: comments, script, style
[36m<span[39m
  [33mclass[39m=[32m"font-medium truncate"[39m
[36m>[39m
  [0mBlind 75[0m
[36m</span>[39m

(If this is intentional, then use the `*AllBy*` variant of the query (like `queryAllByText`, `getAllByText`, or `findAllByText`)).

Ignored nodes: comments, script, style
[36m<body>[39m
  [36m<div>[39m
    [36m<section[39m
      [33maria-atomic[39m=[32m"false"[39m
      [33maria-label[39m=[32m"Notifications alt+T"[39m
      [33maria-live[39m=[32m"polite"[39m
      [33maria-relevant[39m=[32m"additions text"[39m
      [33mtabindex[39m=[32m"-1"[39m
    [36m/>[39m
    [36m<div[39m
      [33mclass[39m=[32m"min-h-screen bg-background text-foreground font-sans p-8 flex flex-col items-center justify-center"[39m
    [36m>[39m
      [36m<div[39m
        [33mclass[39m=[32m"max-w-5xl w-full space-y-8"[39m
        [33mstyle[39m=[32m"opacity: 1; transform: none;"[39m
      [36m>[39m
        [36m<div[39m
          [33mclass[39m=[32m"text-center space-y-4 mb-12"[39m
        [36m>[39m
          [36m<div[39m
            [33mclass[39m=[32m"inline-flex items-center justify-center p-4 bg-primary/10 rounded-full mb-4 ring-1 ring-primary/20 shadow-[0_0_20px_rgba(62,207,142,0.2)]"[39m
          [36m>[39m
            [36m<svg[39m
              [33maria-hidden[39m=[32m"true"[39m
              [33mclass[39m=[32m"lucide lucide-brain w-10 h-10 text-primary"[39m
              [33mfill[39m=[32m"none"[39m
              [33mheight[39m=[32m"24"[39m
              [33mstroke[39m=[32m"currentColor"[39m
              [33mstroke-linecap[39m=[32m"round"[39m
              [33mstroke-linejoin[39m=[32m"round"[39m
              [33mstroke-width[39m=[32m"2"[39m
              [33mviewBox[39m=[32m"0 0 24 24"[39m
              [33mwidth[39m=[32m"24"[39m
              [33mxmlns[39m=[32m"http://www.w3.org/2000/svg"[39m
            [36m>[39m
              [36m<path[39m
                [33md[39m=[32m"M12 18V5"[39m
              [36m/>[39m
              [36m<path[39m
                [33md[39m=[32m"M15 13a4.17 4.17 0 0 1-3-4 4.17 4.17 0 0 1-3 4"[39m
              [36m/>[39m
              [36m<path[39m
                [33md[39m=[32m"M17.598 6.5A3 3 0 1 0 12 5a3 3 0 1 0-5.598 1.5"[39m
              [36m/>[39m
              [36m<path[39m
                [33md[39m=[32m"M17.997 5.125a4 4 0 0 1 2.526 5.77"[39m
              [36m/>[39m
              [36m<path[39m
                [33md[39m=[32m"M18 18a4 4 0 0 0 2-7.464"[39m
              [36m/>[39m
              [36m<path[39m
                [33md[39m=[32m"M19.967 17.483A4 4 0 1 1 12 18a4 4 0 1 1-7.967-.517"[39m
              [36m/>[39m
              [36m<path[39m
                [33md[39m=[32m"M6 18a4 4 0 0 1-2-7.464"[39m
              [36m/>[39m
              [36m<path[39m
                [33md[39m=[32m"M6.003 5.125a4 4 0 0 0-2.526 5.77"[39m
              [36m/>[39m
            [36m</svg>[39m
          [36m</div>[39m
          [36m<h1[39m
            [33mclass[39m=[32m"text-4xl font-bold text-foreground tracking-tight"[39m
          [36m>[39m
            [0mMock Interview Mode[0m
          [36m</h1>[39m
          [36m<p[39m
            [33mclass[39m=[32m"text-muted-foreground text-lg max-w-lg mx-auto"[39m
          [36m>[39m
            [0mSimulate a real technical interview environment. Strict timing, no AI assistance, and realistic pressure.[0m
          [36m</p>[39m
        [36m</div>[39m
        [36m<div[39m
          [33mclass[39m=[32m"grid grid-cols-1 md:grid-cols-2 gap-6"[39m
        [36m>[39m
          [36m<div[39m
            [33mclass[39m=[32m"space-y-6"[39m
          [36m>[39m
            [36m<div[39m
              [33mclass[39m=[32m"bg-card border border-border rounded-xl p-6 shadow-sm hover:border-primary/20 transition-colors"[39m
            [36m>[39m
              [36m<label[39m
                [33mclass[39m=[32m"peer-disabled:cursor-not-allowed peer-disabled:opacity-70 flex items-center gap-2 text-sm font-semibold text-foreground mb-4 uppercase tracking-wider"[39m
              [36m>[39m
                [36m<svg[39m
                  [33maria-hidden[39m=[32m"true"[39m
                  [33mclass[39m=[32m"lucide lucide-funnel w-4 h-4 text-primary"[39m
                  [33mfill[39m=[32m"none"[39m
                  [33mheight[39m=[32m"24"[39m
                  [33mstroke[39m=[32m"currentColor"[39m
                  [33mstroke-linecap[39m=[32m"round"[39m
                  [33mstroke-linejoin[39m=[32m"round"[39m
                  [33mstroke-width[39m=[32m"2"[39m
                  [33mviewBox[39m=[32m"0 0 24 24"[39m
                  [33mwidth[39m=[32m"24"[39m
                  [33mxmlns[39m=[32m"http://www.w3.org/2000/svg"[39m
                [36m>[39m
                  [36m<path[39m
                    [33md[39m=[32m"M10 20a1 1 0 0 0 .553.895l2 1A1 1 0 0 0 14 21v-7a2 2 0 0 1 .517-1.341L21.74 4.67A1 1 0 0 0 21 3H3a1 1 0 0 0-.742 1.67l7.225 7.989A2 2 0 0 1 10 14z"[39m
                  [36m/>[39m
                [36m</svg>[39m
                [0m Difficulty[0m
              [36m</label>[39m
              [36m<div[39m
                [33mclass[39m=[32m"flex flex-wrap gap-2"[39m
              [36m>[39m
                [36m<button[39m
                  [33mclass[39m=[32m"inline-flex items-center justify-center whitespace-nowrap rounded-md text-sm font-medium ring-offset-background focus-visible:outline-none focus-visible:ring-2 focus-visible:ring-ring focus-visible:ring-offset-2 disabled:pointer-events-none disabled:opacity-50 hover:bg-secondary/80 h-10 px-4 py-2 transition-all bg-secondary/50 text-muted-foreground hover:text-foreground"[39m
                  [33mtabindex[39m=[32m"0"[39m
                [36m>[39m
                  [0mEasy[0m
                [36m</button>[39m
                [36m<button[39m
                  [33mclass[39m=[32m"inline-flex items-center justify-center whitespace-nowrap rounded-md text-sm font-medium ring-offset-background focus-visible:outline-none focus-visible:ring-2 focus-visible:ring-ring focus-visible:ring-offset-2 disabled:pointer-events-none disabled:opacity-50 hover:bg-secondary/80 h-10 px-4 py-2 transition-all bg-secondary/50 text-muted-foreground hover:text-foreground"[39m
                  [33mtabindex[39m=[32m"0"[39m
                [36m>[39m
                  [0mMedium[0m
                [36m</button>[39m
                [36m<button[39m
                  [33mclass[39m=[32m"inline-flex items-center justify-center whitespace-nowrap rounded-md text-sm font-medium ring-offset-background focus-visible:outline-none focus-visible:ring-2 focus-visible:ring-ring focus-visible:ring-offset-2 disabled:pointer-events-none disabled:opacity-50 hover:bg-secondary/80 h-10 px-4 py-2 transition-all bg-secondary/50 text-muted-foreground hover:text-foreground"[39m
                  [33mtabindex[39m=[32m"0"[39m
                [36m>[39m
                  [0mHard[0m
                [36m</button>[39m
              [36m</div>[39m
            [36m</div>[39m
        ...
[90m [2m❯[22m Object.getElementError node_modules/@testing-library/dom/dist/config.js:[2m37:19[22m[39m
[90m [2m❯[22m getElementError node_modules/@testing-library/dom/dist/query-helpers.js:[2m20:35[22m[39m
[90m [2m❯[22m getMultipleElementsFoundError node_modules/@testing-library/dom/dist/query-helpers.js:[2m23:10[22m[39m
[90m [2m❯[22m node_modules/@testing-library/dom/dist/query-helpers.js:[2m55:13[22m[39m
[90m [2m❯[22m node_modules/@testing-library/dom/dist/query-helpers.js:[2m95:19[22m[39m
[36m [2m❯[22m src/pages/interview/MockInterviewSetup.test.tsx:[2m102:19[22m[39m
    [90m100| [39m    fireEvent[33m.[39m[34mclick[39m(listBtn[33m![39m)[33m;[39m
    [90m101| [39m
    [90m102| [39m    expect(screen.getByText('Blind 75')).toBeInTheDocument(); // Shoul…
    [90m   | [39m                  [31m^[39m
    [90m103| [39m  })[33m;[39m
    [90m104| [39m

[31m[2m⎯⎯⎯⎯⎯⎯⎯⎯⎯⎯⎯⎯⎯⎯⎯⎯⎯⎯⎯⎯⎯⎯⎯⎯[1/2]⎯[22m[39m

[41m[1m FAIL [22m[49m src/pages/interview/MockInterviewSetup.test.tsx[2m > [22mMockInterviewSetup[2m > [22mstarts interview session
[31m[1mAssertionError[22m[39m: expected "vi.fn()" to be called with arguments: [ Array(1) ][90m

Number of calls: [1m0[22m
[39m

Ignored nodes: comments, script, style
[36m<html>[39m
  [36m<head />[39m
  [36m<body>[39m
    [36m<div>[39m
      [36m<section[39m
        [33maria-atomic[39m=[32m"false"[39m
        [33maria-label[39m=[32m"Notifications alt+T"[39m
        [33maria-live[39m=[32m"polite"[39m
        [33maria-relevant[39m=[32m"additions text"[39m
        [33mtabindex[39m=[32m"-1"[39m
      [36m>[39m
        [36m<ol[39m
          [33mdata-sonner-theme[39m=[32m"light"[39m
          [33mdata-sonner-toaster[39m=[32m"true"[39m
          [33mdata-x-position[39m=[32m"right"[39m
          [33mdata-y-position[39m=[32m"bottom"[39m
          [33mdir[39m=[32m""[39m
          [33mstyle[39m=[32m"--front-toast-height: 0px; --width: 356px; --gap: 14px; --offset-top: 24px; --offset-right: 24px; --offset-bottom: 24px; --offset-left: 24px; --mobile-offset-top: 16px; --mobile-offset-right: 16px; --mobile-offset-bottom: 16px; --mobile-offset-left: 16px;"[39m
          [33mtabindex[39m=[32m"-1"[39m
        [36m>[39m
          [36m<li[39m
            [33mclass[39m=[32m"border-red-500/20 bg-red-500/10"[39m
            [33mdata-dismissible[39m=[32m"true"[39m
            [33mdata-expanded[39m=[32m"false"[39m
            [33mdata-front[39m=[32m"true"[39m
            [33mdata-index[39m=[32m"0"[39m
            [33mdata-mounted[39m=[32m"true"[39m
            [33mdata-promise[39m=[32m"false"[39m
            [33mdata-removed[39m=[32m"false"[39m
            [33mdata-sonner-toast[39m=[32m""[39m
            [33mdata-styled[39m=[32m"true"[39m
            [33mdata-swipe-out[39m=[32m"false"[39m
            [33mdata-swiped[39m=[32m"false"[39m
            [33mdata-swiping[39m=[32m"false"[39m
            [33mdata-type[39m=[32m"error"[39m
            [33mdata-visible[39m=[32m"true"[39m
            [33mdata-x-position[39m=[32m"right"[39m
            [33mdata-y-position[39m=[32m"bottom"[39m
            [33mstyle[39m=[32m"--index: 0; --toasts-before: 0; --z-index: 1; --offset: 0px; --initial-height: 0px;"[39m
            [33mtabindex[39m=[32m"0"[39m
          [36m>[39m
            [36m<div[39m
              [33mclass[39m=[32m""[39m
              [33mdata-icon[39m=[32m""[39m
            [36m>[39m
              [36m<svg[39m
                [33maria-hidden[39m=[32m"true"[39m
                [33mclass[39m=[32m"lucide lucide-circle-x w-5 h-5 text-red-500"[39m
                [33mfill[39m=[32m"none"[39m
                [33mheight[39m=[32m"24"[39m
                [33mstroke[39m=[32m"currentColor"[39m
                [33mstroke-linecap[39m=[32m"round"[39m
                [33mstroke-linejoin[39m=[32m"round"[39m
                [33mstroke-width[39m=[32m"2"[39m
                [33mviewBox[39m=[32m"0 0 24 24"[39m
                [33mwidth[39m=[32m"24"[39m
                [33mxmlns[39m=[32m"http://www.w3.org/2000/svg"[39m
              [36m>[39m
                [36m<circle[39m
                  [33mcx[39m=[32m"12"[39m
                  [33mcy[39m=[32m"12"[39m
                  [33mr[39m=[32m"10"[39m
                [36m/>[39m
                [36m<path[39m
                  [33md[39m=[32m"m15 9-6 6"[39m
                [36m/>[39m
                [36m<path[39m
                  [33md[39m=[32m"m9 9 6 6"[39m
                [36m/>[39m
              [36m</svg>[39m
            [36m</div>[39m
            [36m<div[39m
              [33mclass[39m=[32m""[39m
              [33mdata-content[39m=[32m""[39m
            [36m>[39m
              [36m<div[39m
                [33mclass[39m=[32m""[39m
                [33mdata-title[39m=[32m""[39m
              [36m>[39m
                [0mSomething went wrong[0m
              [36m</div>[39m
              [36m<div[39m
                [33mclass[39m=[32m""[39m
                [33mdata-description[39m=[32m""[39m
              [36m>[39m
                [0mPlease try again later.[0m
              [36m</div>[39m
            [36m</div>[39m
          [36m</li>[39m
        [36m</ol>[39m
      [36m</section>[39m
      [36m<div[39m
        [33mclass[39m=[32m"min-h-screen bg-background text-foreground font-sans p-8 flex flex-col items-center justify-center"[39m
      [36m>[39m
        [36m<div[39m
          [33mclass[39m=[32m"max-w-5xl w-full space-y-8"[39m
          [33mstyle[39m=[32m"opacity: 1; transform: none;"[39m
        [36m>[39m
          [36m<div[39m
            [33mclass[39m=[32m"text-center space-y-4 mb-12"[39m
          [36m>[39m
            [36m<div[39m
              [33mclass[39m=[32m"inline-flex items-center justify-center p-4 bg-primary/10 rounded-full mb-4 ring-1 ring-primary/20 shadow-[0_0_20px_rgba(62,207,142,0.2)]"[39m
            [36m>[39m
              [36m<svg[39m
                [33maria-hidden[39m=[32m"true"[39m
                [33mclass[39m=[32m"lucide lucide-brain w-10 h-10 text-primary"[39m
                [33mfill[39m=[32m"none"[39m
                [33mheight[39m=[32m"24"[39m
                [33mstroke[39m=[32m"currentColor"[39m
                [33mstroke-linecap[39m=[32m"round"[39m
                [33mstroke-linejoin[39m=[32m"round"[39m
                [33mstroke-width[39m=[32m"2"[39m
                [33mviewBox[39m=[32m"0 0 24 24"[39m
                [33mwidth[39m=[32m"24"[39m
                [33mxmlns[39m=[32m"http://www.w3.org/2000/svg"[39m
              [36m>[39m
                [36m<path[39m
                  [33md[39m=[32m"M12 18V5"[39m
                [36m/>[39m
                [36m<path[39m
                  [33md[39m=[32m"M15 13a4.17 4.17 0 0 1-3-4 4.17 4.17 0 0 1-3 4"[39m
                [36m/>[39m
                [36m<path[39m
                  [33md[39m=[32m"M17.598 6.5A3 3 0 1 0 12 5a3 3 0 1 0-5.598 1.5"[39m
                [36m/>[39m
                [36m<path[39m
                  [33md[39m=[32m"M17.997 5.125a4 4 0 0 1 2.526 5.77"[39m
                [36m/>[39m
                [36m<path[39m
                  [33md[39m=[32m"M18 18a4 4 0 0 0 2-7.464"[39m
                [36m/>[39m
                [36m<path[39m
                  [33md[39m=[32m"M19.967 17.483A4 4 0 1 1 12 18a4 4 0 1 1-7.967-.517"[39m
                [36m/>[39m
                [36m<path[39m
                  [33md[39m=[32m"M6 18a4 4 0 0 1-2-7.464"[39m
                [36m/>[39m
                [36m<path[39m
                  [33md[39m=[32m"M6.003 5.125a4 4 0 0 0-2.526 5.77"[39m
                [36m/>[39m
              [36m</svg>[39m
            [36m</div>[39m
            [36m<h1[39m
              [33mclass[39m=[32m"text-4xl font-bold text-foreground tracking-tight"[39m
            [36m>[39m
              [0mMock Interview Mode[0m
            [36m</h1>[39m
            [36m<p[39m
              [33mclass[39m=[...
[36m [2m❯[22m src/pages/interview/MockInterviewSetup.test.tsx:[2m128:28[22m[39m
    [90m126| [39m
    [90m127| [39m    [35mawait[39m [34mwaitFor[39m(() [33m=>[39m {
    [90m128| [39m      expect(mockNavigate).toHaveBeenCalledWith('/mock-interview/sessi…
    [90m   | [39m                           [31m^[39m
    [90m129| [39m    })[33m;[39m
    [90m130| [39m  })[33m;[39m
[90m [2m❯[22m runWithExpensiveErrorDiagnosticsDisabled node_modules/@testing-library/dom/dist/config.js:[2m47:12[22m[39m
[90m [2m❯[22m checkCallback node_modules/@testing-library/dom/dist/wait-for.js:[2m124:77[22m[39m
[90m [2m❯[22m Timeout.checkRealTimersCallback node_modules/@testing-library/dom/dist/wait-for.js:[2m118:16[22m[39m

[31m[2m⎯⎯⎯⎯⎯⎯⎯⎯⎯⎯⎯⎯⎯⎯⎯⎯⎯⎯⎯⎯⎯⎯⎯⎯[2/2]⎯[22m[39m


[2m Test Files [22m [1m[31m1 failed[39m[22m[90m (1)[39m
[2m      Tests [22m [1m[31m2 failed[39m[22m[2m | [22m[1m[32m3 passed[39m[22m[90m (5)[39m
[2m   Start at [22m 21:15:36
[2m   Duration [22m 9.40s

[1m[41m FAIL [49m[22m [31mTests failed. Watching for file changes...[39m
       [2mpress [22m[1mh[22m[2m to show help[22m[2m, [22m[2mpress [22m[1mq[22m[2m to quit[22m
c[3J[1m[44m RERUN [49m[22m [34m[2msrc/pages/interview/MockInterviewSetup.test.tsx [22m[34mx3 [34m[39m
       [2m Filename pattern: [22m[34msrc/pages/interview/MockInterviewSetup.test.tsx[39m


[31m⎯⎯⎯⎯⎯⎯[39m[1m[41m Failed Suites 1 [49m[22m[31m⎯⎯⎯⎯⎯⎯⎯[39m

[41m[1m FAIL [22m[49m src/pages/interview/MockInterviewSetup.test.tsx[2m [ src/pages/interview/MockInterviewSetup.test.tsx ][22m
[31m[1mError[22m: Transform failed with 1 error:
/Users/siddharthskumar/Documents/Workspace/strkx/frontend/src/pages/interview/MockInterviewSetup.test.tsx:28:16: ERROR: Expected ";" but found "$"[39m
  Plugin: [35mvite:esbuild[39m
  File: [36m/Users/siddharthskumar/Documents/Workspace/strkx/frontend/src/pages/interview/MockInterviewSetup.test.tsx[39m:28:16
[33m  
  Expected ";" but found "$"
  26 |      // Default handlers
  27 |      server.use(
  28 |        http.get(`${ API_URL }/lists`, () => {
     |                  ^
  29 |  return HttpResponse.json({ data: [] });
  30 |        }),
  [39m
[90m [2m❯[22m failureErrorWithLog node_modules/esbuild/lib/main.js:[2m1467:15[22m[39m
[90m [2m❯[22m node_modules/esbuild/lib/main.js:[2m736:50[22m[39m
[90m [2m❯[22m responseCallbacks.<computed> node_modules/esbuild/lib/main.js:[2m603:9[22m[39m
[90m [2m❯[22m handleIncomingPacket node_modules/esbuild/lib/main.js:[2m658:12[22m[39m
[90m [2m❯[22m Socket.readFromStdout node_modules/esbuild/lib/main.js:[2m581:7[22m[39m

[31m[2m⎯⎯⎯⎯⎯⎯⎯⎯⎯⎯⎯⎯⎯⎯⎯⎯⎯⎯⎯⎯⎯⎯⎯⎯[1/1]⎯[22m[39m


[2m Test Files [22m [1m[31m1 failed[39m[22m[90m (1)[39m
[2m      Tests [22m [2mno tests[22m
[2m   Start at [22m 21:18:17
[2m   Duration [22m 746ms

[1m[41m FAIL [49m[22m [31mTests failed. Watching for file changes...[39m
       [2mpress [22m[1mh[22m[2m to show help[22m[2m, [22m[2mpress [22m[1mq[22m[2m to quit[22m
c[3J[1m[44m RERUN [49m[22m [34m[2msrc/pages/interview/MockInterviewSetup.test.tsx [22m[34mx4 [34m[39m
       [2m Filename pattern: [22m[34msrc/pages/interview/MockInterviewSetup.test.tsx[39m

[90mstdout[2m | src/pages/interview/MockInterviewSetup.test.tsx[2m > [22m[2mMockInterviewSetup[2m > [22m[2mstarts interview session
[22m[39mCreated session: { data: { id: [32m'session-123'[39m } }

 [31m❯[39m src/pages/interview/MockInterviewSetup.test.tsx [2m([22m[2m5 tests[22m[2m | [22m[31m1 failed[39m[2m)[22m[33m 4494[2mms[22m[39m
     [33m[2m✓[22m[39m renders setup page correctly [33m 1089[2mms[22m[39m
     [33m[2m✓[22m[39m allows selecting difficulty [33m 1168[2mms[22m[39m
     [33m[2m✓[22m[39m allows selecting status [33m 962[2mms[22m[39m
[31m     [31m×[31m handles list search and selection[39m[33m 727[2mms[22m[39m
     [33m[2m✓[22m[39m starts interview session [33m 512[2mms[22m[39m

[31m⎯⎯⎯⎯⎯⎯⎯[39m[1m[41m Failed Tests 1 [49m[22m[31m⎯⎯⎯⎯⎯⎯⎯[39m

[41m[1m FAIL [22m[49m src/pages/interview/MockInterviewSetup.test.tsx[2m > [22mMockInterviewSetup[2m > [22mhandles list search and selection
[31m[1mTestingLibraryElementError[22m[39m: Found multiple elements with the text: Blind 75

Here are the matching elements:

Ignored nodes: comments, script, style
[36m<span>[39m
  [0mBlind 75[0m
[36m</span>[39m

Ignored nodes: comments, script, style
[36m<span[39m
  [33mclass[39m=[32m"font-medium truncate"[39m
[36m>[39m
  [0mBlind 75[0m
[36m</span>[39m

(If this is intentional, then use the `*AllBy*` variant of the query (like `queryAllByText`, `getAllByText`, or `findAllByText`)).

Ignored nodes: comments, script, style
[36m<body>[39m
  [36m<div>[39m
    [36m<section[39m
      [33maria-atomic[39m=[32m"false"[39m
      [33maria-label[39m=[32m"Notifications alt+T"[39m
      [33maria-live[39m=[32m"polite"[39m
      [33maria-relevant[39m=[32m"additions text"[39m
      [33mtabindex[39m=[32m"-1"[39m
    [36m/>[39m
    [36m<div[39m
      [33mclass[39m=[32m"min-h-screen bg-background text-foreground font-sans p-8 flex flex-col items-center justify-center"[39m
    [36m>[39m
      [36m<div[39m
        [33mclass[39m=[32m"max-w-5xl w-full space-y-8"[39m
        [33mstyle[39m=[32m"opacity: 1; transform: none;"[39m
      [36m>[39m
        [36m<div[39m
          [33mclass[39m=[32m"text-center space-y-4 mb-12"[39m
        [36m>[39m
          [36m<div[39m
            [33mclass[39m=[32m"inline-flex items-center justify-center p-4 bg-primary/10 rounded-full mb-4 ring-1 ring-primary/20 shadow-[0_0_20px_rgba(62,207,142,0.2)]"[39m
          [36m>[39m
            [36m<svg[39m
              [33maria-hidden[39m=[32m"true"[39m
              [33mclass[39m=[32m"lucide lucide-brain w-10 h-10 text-primary"[39m
              [33mfill[39m=[32m"none"[39m
              [33mheight[39m=[32m"24"[39m
              [33mstroke[39m=[32m"currentColor"[39m
              [33mstroke-linecap[39m=[32m"round"[39m
              [33mstroke-linejoin[39m=[32m"round"[39m
              [33mstroke-width[39m=[32m"2"[39m
              [33mviewBox[39m=[32m"0 0 24 24"[39m
              [33mwidth[39m=[32m"24"[39m
              [33mxmlns[39m=[32m"http://www.w3.org/2000/svg"[39m
            [36m>[39m
              [36m<path[39m
                [33md[39m=[32m"M12 18V5"[39m
              [36m/>[39m
              [36m<path[39m
                [33md[39m=[32m"M15 13a4.17 4.17 0 0 1-3-4 4.17 4.17 0 0 1-3 4"[39m
              [36m/>[39m
              [36m<path[39m
                [33md[39m=[32m"M17.598 6.5A3 3 0 1 0 12 5a3 3 0 1 0-5.598 1.5"[39m
              [36m/>[39m
              [36m<path[39m
                [33md[39m=[32m"M17.997 5.125a4 4 0 0 1 2.526 5.77"[39m
              [36m/>[39m
              [36m<path[39m
                [33md[39m=[32m"M18 18a4 4 0 0 0 2-7.464"[39m
              [36m/>[39m
              [36m<path[39m
                [33md[39m=[32m"M19.967 17.483A4 4 0 1 1 12 18a4 4 0 1 1-7.967-.517"[39m
              [36m/>[39m
              [36m<path[39m
                [33md[39m=[32m"M6 18a4 4 0 0 1-2-7.464"[39m
              [36m/>[39m
              [36m<path[39m
                [33md[39m=[32m"M6.003 5.125a4 4 0 0 0-2.526 5.77"[39m
              [36m/>[39m
            [36m</svg>[39m
          [36m</div>[39m
          [36m<h1[39m
            [33mclass[39m=[32m"text-4xl font-bold text-foreground tracking-tight"[39m
          [36m>[39m
            [0mMock Interview Mode[0m
          [36m</h1>[39m
          [36m<p[39m
            [33mclass[39m=[32m"text-muted-foreground text-lg max-w-lg mx-auto"[39m
          [36m>[39m
            [0mSimulate a real technical interview environment. Strict timing, no AI assistance, and realistic pressure.[0m
          [36m</p>[39m
        [36m</div>[39m
        [36m<div[39m
          [33mclass[39m=[32m"grid grid-cols-1 md:grid-cols-2 gap-6"[39m
        [36m>[39m
          [36m<div[39m
            [33mclass[39m=[32m"space-y-6"[39m
          [36m>[39m
            [36m<div[39m
              [33mclass[39m=[32m"bg-card border border-border rounded-xl p-6 shadow-sm hover:border-primary/20 transition-colors"[39m
            [36m>[39m
              [36m<label[39m
                [33mclass[39m=[32m"peer-disabled:cursor-not-allowed peer-disabled:opacity-70 flex items-center gap-2 text-sm font-semibold text-foreground mb-4 uppercase tracking-wider"[39m
              [36m>[39m
                [36m<svg[39m
                  [33maria-hidden[39m=[32m"true"[39m
                  [33mclass[39m=[32m"lucide lucide-funnel w-4 h-4 text-primary"[39m
                  [33mfill[39m=[32m"none"[39m
                  [33mheight[39m=[32m"24"[39m
                  [33mstroke[39m=[32m"currentColor"[39m
                  [33mstroke-linecap[39m=[32m"round"[39m
                  [33mstroke-linejoin[39m=[32m"round"[39m
                  [33mstroke-width[39m=[32m"2"[39m
                  [33mviewBox[39m=[32m"0 0 24 24"[39m
                  [33mwidth[39m=[32m"24"[39m
                  [33mxmlns[39m=[32m"http://www.w3.org/2000/svg"[39m
                [36m>[39m
                  [36m<path[39m
                    [33md[39m=[32m"M10 20a1 1 0 0 0 .553.895l2 1A1 1 0 0 0 14 21v-7a2 2 0 0 1 .517-1.341L21.74 4.67A1 1 0 0 0 21 3H3a1 1 0 0 0-.742 1.67l7.225 7.989A2 2 0 0 1 10 14z"[39m
                  [36m/>[39m
                [36m</svg>[39m
                [0m Difficulty[0m
              [36m</label>[39m
              [36m<div[39m
                [33mclass[39m=[32m"flex flex-wrap gap-2"[39m
              [36m>[39m
                [36m<button[39m
                  [33mclass[39m=[32m"inline-flex items-center justify-center whitespace-nowrap rounded-md text-sm font-medium ring-offset-background focus-visible:outline-none focus-visible:ring-2 focus-visible:ring-ring focus-visible:ring-offset-2 disabled:pointer-events-none disabled:opacity-50 hover:bg-secondary/80 h-10 px-4 py-2 transition-all bg-secondary/50 text-muted-foreground hover:text-foreground"[39m
                  [33mtabindex[39m=[32m"0"[39m
                [36m>[39m
                  [0mEasy[0m
                [36m</button>[39m
                [36m<button[39m
                  [33mclass[39m=[32m"inline-flex items-center justify-center whitespace-nowrap rounded-md text-sm font-medium ring-offset-background focus-visible:outline-none focus-visible:ring-2 focus-visible:ring-ring focus-visible:ring-offset-2 disabled:pointer-events-none disabled:opacity-50 hover:bg-secondary/80 h-10 px-4 py-2 transition-all bg-secondary/50 text-muted-foreground hover:text-foreground"[39m
                  [33mtabindex[39m=[32m"0"[39m
                [36m>[39m
                  [0mMedium[0m
                [36m</button>[39m
                [36m<button[39m
                  [33mclass[39m=[32m"inline-flex items-center justify-center whitespace-nowrap rounded-md text-sm font-medium ring-offset-background focus-visible:outline-none focus-visible:ring-2 focus-visible:ring-ring focus-visible:ring-offset-2 disabled:pointer-events-none disabled:opacity-50 hover:bg-secondary/80 h-10 px-4 py-2 transition-all bg-secondary/50 text-muted-foreground hover:text-foreground"[39m
                  [33mtabindex[39m=[32m"0"[39m
                [36m>[39m
                  [0mHard[0m
                [36m</button>[39m
              [36m</div>[39m
            [36m</div>[39m
        ...
[90m [2m❯[22m Object.getElementError node_modules/@testing-library/dom/dist/config.js:[2m37:19[22m[39m
[90m [2m❯[22m getElementError node_modules/@testing-library/dom/dist/query-helpers.js:[2m20:35[22m[39m
[90m [2m❯[22m getMultipleElementsFoundError node_modules/@testing-library/dom/dist/query-helpers.js:[2m23:10[22m[39m
[90m [2m❯[22m node_modules/@testing-library/dom/dist/query-helpers.js:[2m55:13[22m[39m
[90m [2m❯[22m node_modules/@testing-library/dom/dist/query-helpers.js:[2m95:19[22m[39m
[36m [2m❯[22m src/pages/interview/MockInterviewSetup.test.tsx:[2m98:19[22m[39m
    [90m 96| [39m    [90m// Now it should be in the selected tags area[39m
    [90m 97| [39m    [90m// We can verify by checking if it's still in the document[39m
    [90m 98| [39m    [34mexpect[39m(screen[33m.[39m[34mgetByText[39m([32m'Blind 75'[39m))[33m.[39m[34mtoBeInTheDocument[39m()[33m;[39m
    [90m   | [39m                  [31m^[39m
    [90m 99| [39m  })[33m;[39m
    [90m100| [39m

[31m[2m⎯⎯⎯⎯⎯⎯⎯⎯⎯⎯⎯⎯⎯⎯⎯⎯⎯⎯⎯⎯⎯⎯⎯⎯[1/1]⎯[22m[39m


[2m Test Files [22m [1m[31m1 failed[39m[22m[90m (1)[39m
[2m      Tests [22m [1m[31m1 failed[39m[22m[2m | [22m[1m[32m4 passed[39m[22m[90m (5)[39m
[2m   Start at [22m 21:19:43
[2m   Duration [22m 9.41s

[1m[41m FAIL [49m[22m [31mTests failed. Watching for file changes...[39m
       [2mpress [22m[1mh[22m[2m to show help[22m[2m, [22m[2mpress [22m[1mq[22m[2m to quit[22m
c[3J[1m[44m RERUN [49m[22m [34m[2msrc/pages/interview/MockInterviewSetup.test.tsx [22m[34mx5 [34m[39m
       [2m Filename pattern: [22m[34msrc/pages/interview/MockInterviewSetup.test.tsx[39m

[90mstdout[2m | src/pages/interview/MockInterviewSetup.test.tsx[2m > [22m[2mMockInterviewSetup[2m > [22m[2mstarts interview session
[22m[39mCreated session: { data: { id: [32m'session-123'[39m } }

 [32m✓[39m src/pages/interview/MockInterviewSetup.test.tsx [2m([22m[2m5 tests[22m[2m)[22m[33m 4816[2mms[22m[39m
     [33m[2m✓[22m[39m renders setup page correctly [33m 1558[2mms[22m[39m
     [33m[2m✓[22m[39m allows selecting difficulty [33m 1182[2mms[22m[39m
     [33m[2m✓[22m[39m allows selecting status [33m 680[2mms[22m[39m
     [33m[2m✓[22m[39m handles list search and selection [33m 605[2mms[22m[39m
     [33m[2m✓[22m[39m starts interview session [33m 662[2mms[22m[39m

[2m Test Files [22m [1m[32m1 passed[39m[22m[90m (1)[39m
[2m      Tests [22m [1m[32m5 passed[39m[22m[90m (5)[39m
[2m   Start at [22m 21:21:14
[2m   Duration [22m 10.43s

[1m[42m PASS [49m[22m [32mWaiting for file changes...[39m
       [2mpress [22m[1mh[22m[2m to show help[22m[2m, [22m[2mpress [22m[1mq[22m[2m to quit[22m
c[3J[1m[44m RERUN [49m[22m [34m[2msrc/design-system/components/index.ts [22m[34mx6 [34m[39m
       [2m Filename pattern: [22m[34msrc/pages/interview/MockInterviewSetup.test.tsx[39m

[90mstdout[2m | src/pages/interview/MockInterviewSetup.test.tsx[2m > [22m[2mMockInterviewSetup[2m > [22m[2mstarts interview session
[22m[39mCreated session: { data: { id: [32m'session-123'[39m } }

 [31m❯[39m src/pages/interview/MockInterviewSetup.test.tsx [2m([22m[2m5 tests[22m[2m | [22m[31m5 failed[39m[2m)[22m[33m 52960[2mms[22m[39m
[31m     [31m×[31m renders setup page correctly[39m[33m 14288[2mms[22m[39m
[31m     [31m×[31m allows selecting difficulty[39m[33m 15767[2mms[22m[39m
[31m     [31m×[31m allows selecting status[39m[33m 7190[2mms[22m[39m
[31m     [31m×[31m handles list search and selection[39m[33m 9318[2mms[22m[39m
[31m     [31m×[31m starts interview session[39m[33m 5363[2mms[22m[39m

[31m⎯⎯⎯⎯⎯⎯⎯[39m[1m[41m Failed Tests 5 [49m[22m[31m⎯⎯⎯⎯⎯⎯⎯[39m

[41m[1m FAIL [22m[49m src/pages/interview/MockInterviewSetup.test.tsx[2m > [22mMockInterviewSetup[2m > [22mrenders setup page correctly
[31m[1mError[22m: Test timed out in 5000ms.
If this is a long-running test, pass a timeout value as the last argument or configure it globally with "testTimeout".[39m
[90m [2m❯[22m src/pages/interview/MockInterviewSetup.test.tsx:[2m36:3[22m[39m

[31m[2m⎯⎯⎯⎯⎯⎯⎯⎯⎯⎯⎯⎯⎯⎯⎯⎯⎯⎯⎯⎯⎯⎯⎯⎯[1/5]⎯[22m[39m

[41m[1m FAIL [22m[49m src/pages/interview/MockInterviewSetup.test.tsx[2m > [22mMockInterviewSetup[2m > [22mallows selecting difficulty
[31m[1mError[22m: Test timed out in 5000ms.
If this is a long-running test, pass a timeout value as the last argument or configure it globally with "testTimeout".[39m
[90m [2m❯[22m src/pages/interview/MockInterviewSetup.test.tsx:[2m46:3[22m[39m

[31m[2m⎯⎯⎯⎯⎯⎯⎯⎯⎯⎯⎯⎯⎯⎯⎯⎯⎯⎯⎯⎯⎯⎯⎯⎯[2/5]⎯[22m[39m

[41m[1m FAIL [22m[49m src/pages/interview/MockInterviewSetup.test.tsx[2m > [22mMockInterviewSetup[2m > [22mallows selecting status
[31m[1mError[22m: Test timed out in 5000ms.
If this is a long-running test, pass a timeout value as the last argument or configure it globally with "testTimeout".[39m
[90m [2m❯[22m src/pages/interview/MockInterviewSetup.test.tsx:[2m54:3[22m[39m

[31m[2m⎯⎯⎯⎯⎯⎯⎯⎯⎯⎯⎯⎯⎯⎯⎯⎯⎯⎯⎯⎯⎯⎯⎯⎯[3/5]⎯[22m[39m

[41m[1m FAIL [22m[49m src/pages/interview/MockInterviewSetup.test.tsx[2m > [22mMockInterviewSetup[2m > [22mhandles list search and selection
[31m[1mTestingLibraryElementError[22m[39m: Unable to find an element with the text: Blind 75. This could be because the text is broken up by multiple elements. In this case, you can provide a function for your text matcher to make your matcher more flexible.

Ignored nodes: comments, script, style
[36m<body>[39m
  [36m<div>[39m
    [36m<section[39m
      [33maria-atomic[39m=[32m"false"[39m
      [33maria-label[39m=[32m"Notifications alt+T"[39m
      [33maria-live[39m=[32m"polite"[39m
      [33maria-relevant[39m=[32m"additions text"[39m
      [33mtabindex[39m=[32m"-1"[39m
    [36m/>[39m
    [36m<div[39m
      [33mclass[39m=[32m"min-h-screen bg-background text-foreground font-sans p-8 flex flex-col items-center justify-center"[39m
    [36m>[39m
      [36m<div[39m
        [33mclass[39m=[32m"max-w-5xl w-full space-y-8"[39m
        [33mstyle[39m=[32m"opacity: 1; transform: none;"[39m
      [36m>[39m
        [36m<div[39m
          [33mclass[39m=[32m"text-center space-y-4 mb-12"[39m
        [36m>[39m
          [36m<div[39m
            [33mclass[39m=[32m"inline-flex items-center justify-center p-4 bg-primary/10 rounded-full mb-4 ring-1 ring-primary/20 shadow-[0_0_20px_rgba(62,207,142,0.2)]"[39m
          [36m>[39m
            [36m<svg[39m
              [33maria-hidden[39m=[32m"true"[39m
              [33mclass[39m=[32m"lucide lucide-brain w-10 h-10 text-primary"[39m
              [33mfill[39m=[32m"none"[39m
              [33mheight[39m=[32m"24"[39m
              [33mstroke[39m=[32m"currentColor"[39m
              [33mstroke-linecap[39m=[32m"round"[39m
              [33mstroke-linejoin[39m=[32m"round"[39m
              [33mstroke-width[39m=[32m"2"[39m
              [33mviewBox[39m=[32m"0 0 24 24"[39m
              [33mwidth[39m=[32m"24"[39m
              [33mxmlns[39m=[32m"http://www.w3.org/2000/svg"[39m
            [36m>[39m
              [36m<path[39m
                [33md[39m=[32m"M12 18V5"[39m
              [36m/>[39m
              [36m<path[39m
                [33md[39m=[32m"M15 13a4.17 4.17 0 0 1-3-4 4.17 4.17 0 0 1-3 4"[39m
              [36m/>[39m
              [36m<path[39m
                [33md[39m=[32m"M17.598 6.5A3 3 0 1 0 12 5a3 3 0 1 0-5.598 1.5"[39m
              [36m/>[39m
              [36m<path[39m
                [33md[39m=[32m"M17.997 5.125a4 4 0 0 1 2.526 5.77"[39m
              [36m/>[39m
              [36m<path[39m
                [33md[39m=[32m"M18 18a4 4 0 0 0 2-7.464"[39m
              [36m/>[39m
              [36m<path[39m
                [33md[39m=[32m"M19.967 17.483A4 4 0 1 1 12 18a4 4 0 1 1-7.967-.517"[39m
              [36m/>[39m
              [36m<path[39m
                [33md[39m=[32m"M6 18a4 4 0 0 1-2-7.464"[39m
              [36m/>[39m
              [36m<path[39m
                [33md[39m=[32m"M6.003 5.125a4 4 0 0 0-2.526 5.77"[39m
              [36m/>[39m
            [36m</svg>[39m
          [36m</div>[39m
          [36m<h1[39m
            [33mclass[39m=[32m"text-4xl font-bold text-foreground tracking-tight"[39m
          [36m>[39m
            [0mMock Interview Mode[0m
          [36m</h1>[39m
          [36m<p[39m
            [33mclass[39m=[32m"text-muted-foreground text-lg max-w-lg mx-auto"[39m
          [36m>[39m
            [0mSimulate a real technical interview environment. Strict timing, no AI assistance, and realistic pressure.[0m
          [36m</p>[39m
        [36m</div>[39m
        [36m<div[39m
          [33mclass[39m=[32m"grid grid-cols-1 md:grid-cols-2 gap-6"[39m
        [36m>[39m
          [36m<div[39m
            [33mclass[39m=[32m"space-y-6"[39m
          [36m>[39m
            [36m<div[39m
              [33mclass[39m=[32m"bg-card border border-border rounded-xl p-6 shadow-sm hover:border-primary/20 transition-colors"[39m
            [36m>[39m
              [36m<label[39m
                [33mclass[39m=[32m"peer-disabled:cursor-not-allowed peer-disabled:opacity-70 flex items-center gap-2 text-sm font-semibold text-foreground mb-4 uppercase tracking-wider"[39m
              [36m>[39m
                [36m<svg[39m
                  [33maria-hidden[39m=[32m"true"[39m
                  [33mclass[39m=[32m"lucide lucide-funnel w-4 h-4 text-primary"[39m
                  [33mfill[39m=[32m"none"[39m
                  [33mheight[39m=[32m"24"[39m
                  [33mstroke[39m=[32m"currentColor"[39m
                  [33mstroke-linecap[39m=[32m"round"[39m
                  [33mstroke-linejoin[39m=[32m"round"[39m
                  [33mstroke-width[39m=[32m"2"[39m
                  [33mviewBox[39m=[32m"0 0 24 24"[39m
                  [33mwidth[39m=[32m"24"[39m
                  [33mxmlns[39m=[32m"http://www.w3.org/2000/svg"[39m
                [36m>[39m
                  [36m<path[39m
                    [33md[39m=[32m"M10 20a1 1 0 0 0 .553.895l2 1A1 1 0 0 0 14 21v-7a2 2 0 0 1 .517-1.341L21.74 4.67A1 1 0 0 0 21 3H3a1 1 0 0 0-.742 1.67l7.225 7.989A2 2 0 0 1 10 14z"[39m
                  [36m/>[39m
                [36m</svg>[39m
                [0m Difficulty[0m
              [36m</label>[39m
              [36m<div[39m
                [33mclass[39m=[32m"flex flex-wrap gap-2"[39m
              [36m>[39m
                [36m<button[39m
                  [33mclass[39m=[32m"inline-flex items-center justify-center whitespace-nowrap rounded-md text-sm font-medium ring-offset-background focus-visible:outline-none focus-visible:ring-2 focus-visible:ring-ring focus-visible:ring-offset-2 disabled:pointer-events-none disabled:opacity-50 hover:bg-secondary/80 h-10 px-4 py-2 transition-all bg-secondary/50 text-muted-foreground hover:text-foreground"[39m
                  [33mtabindex[39m=[32m"0"[39m
                [36m>[39m
                  [0mEasy[0m
                [36m</button>[39m
                [36m<button[39m
                  [33mclass[39m=[32m"inline-flex items-center justify-center whitespace-nowrap rounded-md text-sm font-medium ring-offset-background focus-visible:outline-none focus-visible:ring-2 focus-visible:ring-ring focus-visible:ring-offset-2 disabled:pointer-events-none disabled:opacity-50 hover:bg-secondary/80 h-10 px-4 py-2 transition-all bg-secondary/50 text-muted-foreground hover:text-foreground"[39m
                  [33mtabindex[39m=[32m"0"[39m
                [36m>[39m
                  [0mMedium[0m
                [36m</button>[39m
                [36m<button[39m
                  [33mclass[39m=[32m"inline-flex items-center justify-center whitespace-nowrap rounded-md text-sm font-medium ring-offset-background focus-visible:outline-none focus-visible:ring-2 focus-visible:ring-ring focus-visible:ring-offset-2 disabled:pointer-events-none disabled:opacity-50 hover:bg-secondary/80 h-10 px-4 py-2 transition-all bg-secondary/50 text-muted-foreground hover:text-foreground"[39m
                  [33mtabindex[39m=[32m"0"[39m
                [36m>[39m
                  [0mHard[0m
                [36m</button>[39m
              [36m</div>[39m
            [36m</div>[39m
        ...

Ignored nodes: comments, script, style
[36m<html>[39m
  [36m<head />[39m
  [36m<body>[39m
    [36m<div>[39m
      [36m<section[39m
        [33maria-atomic[39m=[32m"false"[39m
        [33maria-label[39m=[32m"Notifications alt+T"[39m
        [33maria-live[39m=[32m"polite"[39m
        [33maria-relevant[39m=[32m"additions text"[39m
        [33mtabindex[39m=[32m"-1"[39m
      [36m/>[39m
      [36m<div[39m
        [33mclass[39m=[32m"min-h-screen bg-background text-foreground font-sans p-8 flex flex-col items-center justify-center"[39m
      [36m>[39m
        [36m<div[39m
          [33mclass[39m=[32m"max-w-5xl w-full space-y-8"[39m
          [33mstyle[39m=[32m"opacity: 1; transform: none;"[39m
        [36m>[39m
          [36m<div[39m
            [33mclass[39m=[32m"text-center space-y-4 mb-12"[39m
          [36m>[39m
            [36m<div[39m
              [33mclass[39m=[32m"inline-flex items-center justify-center p-4 bg-primary/10 rounded-full mb-4 ring-1 ring-primary/20 shadow-[0_0_20px_rgba(62,207,142,0.2)]"[39m
            [36m>[39m
              [36m<svg[39m
                [33maria-hidden[39m=[32m"true"[39m
                [33mclass[39m=[32m"lucide lucide-brain w-10 h-10 text-primary"[39m
                [33mfill[39m=[32m"none"[39m
                [33mheight[39m=[32m"24"[39m
                [33mstroke[39m=[32m"currentColor"[39m
                [33mstroke-linecap[39m=[32m"round"[39m
                [33mstroke-linejoin[39m=[32m"round"[39m
                [33mstroke-width[39m=[32m"2"[39m
                [33mviewBox[39m=[32m"0 0 24 24"[39m
                [33mwidth[39m=[32m"24"[39m
                [33mxmlns[39m=[32m"http://www.w3.org/2000/svg"[39m
              [36m>[39m
                [36m<path[39m
                  [33md[39m=[32m"M12 18V5"[39m
                [36m/>[39m
                [36m<path[39m
                  [33md[39m=[32m"M15 13a4.17 4.17 0 0 1-3-4 4.17 4.17 0 0 1-3 4"[39m
                [36m/>[39m
                [36m<path[39m
                  [33md[39m=[32m"M17.598 6.5A3 3 0 1 0 12 5a3 3 0 1 0-5.598 1.5"[39m
                [36m/>[39m
                [36m<path[39m
                  [33md[39m=[32m"M17.997 5.125a4 4 0 0 1 2.526 5.77"[39m
                [36m/>[39m
                [36m<path[39m
                  [33md[39m=[32m"M18 18a4 4 0 0 0 2-7.464"[39m
                [36m/>[39m
                [36m<path[39m
                  [33md[39m=[32m"M19.967 17.483A4 4 0 1 1 12 18a4 4 0 1 1-7.967-.517"[39m
                [36m/>[39m
                [36m<path[39m
                  [33md[39m=[32m"M6 18a4 4 0 0 1-2-7.464"[39m
                [36m/>[39m
                [36m<path[39m
                  [33md[39m=[32m"M6.003 5.125a4 4 0 0 0-2.526 5.77"[39m
                [36m/>[39m
              [36m</svg>[39m
            [36m</div>[39m
            [36m<h1[39m
              [33mclass[39m=[32m"text-4xl font-bold text-foreground tracking-tight"[39m
            [36m>[39m
              [0mMock Interview Mode[0m
            [36m</h1>[39m
            [36m<p[39m
              [33mclass[39m=[32m"text-muted-foreground text-lg max-w-lg mx-auto"[39m
            [36m>[39m
              [0mSimulate a real technical interview environment. Strict timing, no AI assistance, and realistic pressure.[0m
            [36m</p>[39m
          [36m</div>[39m
          [36m<div[39m
            [33mclass[39m=[32m"grid grid-cols-1 md:grid-cols-2 gap-6"[39m
          [36m>[39m
            [36m<div[39m
              [33mclass[39m=[32m"space-y-6"[39m
            [36m>[39m
              [36m<div[39m
                [33mclass[39m=[32m"bg-card border border-border rounded-xl p-6 shadow-sm hover:border-primary/20 transition-colors"[39m
              [36m>[39m
                [36m<label[39m
                  [33mclass[39m=[32m"peer-disabled:cursor-not-allowed peer-disabled:opacity-70 flex items-center gap-2 text-sm font-semibold text-foreground mb-4 uppercase tracking-wider"[39m
                [36m>[39m
                  [36m<svg[39m
                    [33maria-hidden[39m=[32m"true"[39m
                    [33mclass[39m=[32m"lucide lucide-funnel w-4 h-4 text-primary"[39m
                    [33mfill[39m=[32m"none"[39m
                    [33mheight[39m=[32m"24"[39m
                    [33mstroke[39m=[32m"currentColor"[39m
                    [33mstroke-linecap[39m=[32m"round"[39m
                    [33mstroke-linejoin[39m=[32m"round"[39m
                    [33mstroke-width[39m=[32m"2"[39m
                    [33mviewBox[39m=[32m"0 0 24 24"[39m
                    [33mwidth[39m=[32m"24"[39m
                    [33mxmlns[39m=[32m"http://www.w3.org/2000/svg"[39m
                  [36m>[39m
                    [36m<path[39m
                      [33md[39m=[32m"M10 20a1 1 0 0 0 .553.895l2 1A1 1 0 0 0 14 21v-7a2 2 0 0 1 .517-1.341L21.74 4.67A1 1 0 0 0 21 3H3a1 1 0 0 0-.742 1.67l7.225 7.989A2 2 0 0 1 10 14z"[39m
                    [36m/>[39m
                  [36m</svg>[39m
                  [0m Difficulty[0m
                [36m</label>[39m
                [36m<div[39m
                  [33mclass[39m=[32m"flex flex-wrap gap-2"[39m
                [36m>[39m
                  [36m<button[39m
                    [33mclass[39m=[32m"inline-flex items-center justify-center whitespace-nowrap rounded-md text-sm font-medium ring-offset-background focus-visible:outline-none focus-visible:ring-2 focus-visible:ring-ring focus-visible:ring-offset-2 disabled:pointer-events-none disabled:opacity-50 hover:bg-secondary/80 h-10 px-4 py-2 transition-all bg-secondary/50 text-muted-foreground hover:text-foreground"[39m
                    [33mtabindex[39m=[32m"0"[39m
                  [36m>[39m
                    [0mEasy[0m
                  [36m</button>[39m
                  [36m<button[39m
                    [33mclass[39m=[32m"inline-flex items-center justify-center whitespace-nowrap rounded-md text-sm font-medium ring-offset-background focus-visible:outline-none focus-visible:ring-2 focus-visible:ring-ring focus-visible:ring-offset-2 disabled:pointer-events-none disabled:opacity-50 hover:bg-secondary/80 h-10 px-4 py-2 transition-all bg-secondary/50 text-muted-foreground hover:text-foreground"[39m
                    [33mtabindex[39m=[32m"0"[39m
                  [36m>[39m
                    [0mMedium[0m
                  [36m</button>[39m
                  [36m<button[39m
                    [33mclass[39m=[32m"inline-flex items-center justify-center whitespace-nowrap rounded-md text-sm font-medium ring-offset-background focus-visible:outline-none focus-visible:ring-2 focus-visible:ring-ring focus-visible:ring-offset-2 disabled:pointer-events-none disabled:opacity-50 hover:bg-secondary/80 h-10 px-4 py-2 transition-all bg...
[90m [2m❯[22m Module.waitForWrapper node_modules/@testing-library/dom/dist/wait-for.js:[2m163:27[22m[39m
[90m [2m❯[22m src/pages/interview/MockInterviewSetup.test.tsx:[2m84:11[22m[39m

[31m[2m⎯⎯⎯⎯⎯⎯⎯⎯⎯⎯⎯⎯⎯⎯⎯⎯⎯⎯⎯⎯⎯⎯⎯⎯[4/5]⎯[22m[39m

[41m[1m FAIL [22m[49m src/pages/interview/MockInterviewSetup.test.tsx[2m > [22mMockInterviewSetup[2m > [22mstarts interview session
[31m[1mError[22m: Test timed out in 5000ms.
If this is a long-running test, pass a timeout value as the last argument or configure it globally with "testTimeout".[39m
[90m [2m❯[22m src/pages/interview/MockInterviewSetup.test.tsx:[2m102:3[22m[39m

[31m[2m⎯⎯⎯⎯⎯⎯⎯⎯⎯⎯⎯⎯⎯⎯⎯⎯⎯⎯⎯⎯⎯⎯⎯⎯[5/5]⎯[22m[39m


[2m Test Files [22m [1m[31m1 failed[39m[22m[90m (1)[39m
[2m      Tests [22m [1m[31m5 failed[39m[22m[90m (5)[39m
[2m   Start at [22m 21:29:24
[2m   Duration [22m 100.73s

[1m[41m FAIL [49m[22m [31mTests failed. Watching for file changes...[39m
       [2mpress [22m[1mh[22m[2m to show help[22m[2m, [22m[2mpress [22m[1mq[22m[2m to quit[22m
c[3J[1m[44m RERUN [49m[22m [34m[2msrc/design-system/components/StatusBadge.tsx [22m[34mx7 [34m[39m
       [2m Filename pattern: [22m[34msrc/pages/interview/MockInterviewSetup.test.tsx[39m

[90mstdout[2m | src/pages/interview/MockInterviewSetup.test.tsx[2m > [22m[2mMockInterviewSetup[2m > [22m[2mstarts interview session
[22m[39mCreated session: { data: { id: [32m'session-123'[39m } }

[90mstderr[2m | src/pages/interview/MockInterviewSetup.test.tsx[2m > [22m[2mMockInterviewSetup[2m > [22m[2mstarts interview session
[22m[39mAn update to MockInterviewSetup inside a test was not wrapped in act(...).

When testing, code that causes React state updates should be wrapped into act(...):

act(() => {
  /* fire events that update state */
});
/* assert on the output */

This ensures that you're testing the behavior the user would see in the browser. Learn more at https://react.dev/link/wrap-tests-with-act

[90mstderr[2m | src/pages/interview/MockInterviewSetup.test.tsx[2m > [22m[2mMockInterviewSetup[2m > [22m[2mstarts interview session
[22m[39mAn update to MockInterviewSetup inside a test was not wrapped in act(...).

When testing, code that causes React state updates should be wrapped into act(...):

act(() => {
  /* fire events that update state */
});
/* assert on the output */

This ensures that you're testing the behavior the user would see in the browser. Learn more at https://react.dev/link/wrap-tests-with-act
An update to MockInterviewSetup inside a test was not wrapped in act(...).

When testing, code that causes React state updates should be wrapped into act(...):

act(() => {
  /* fire events that update state */
});
/* assert on the output */

This ensures that you're testing the behavior the user would see in the browser. Learn more at https://react.dev/link/wrap-tests-with-act
An update to MockInterviewSetup inside a test was not wrapped in act(...).

When testing, code that causes React state updates should be wrapped into act(...):

act(() => {
  /* fire events that update state */
});
/* assert on the output */

This ensures that you're testing the behavior the user would see in the browser. Learn more at https://react.dev/link/wrap-tests-with-act
An update to MockInterviewSetup inside a test was not wrapped in act(...).

When testing, code that causes React state updates should be wrapped into act(...):

act(() => {
  /* fire events that update state */
});
/* assert on the output */

This ensures that you're testing the behavior the user would see in the browser. Learn more at https://react.dev/link/wrap-tests-with-act

 [31m❯[39m src/pages/interview/MockInterviewSetup.test.tsx [2m([22m[2m5 tests[22m[2m | [22m[31m5 failed[39m[2m)[22m[33m 111541[2mms[22m[39m
[31m     [31m×[31m renders setup page correctly[39m[33m 30511[2mms[22m[39m
[31m     [31m×[31m allows selecting difficulty[39m[33m 33047[2mms[22m[39m
[31m     [31m×[31m allows selecting status[39m[33m 15112[2mms[22m[39m
[31m     [31m×[31m handles list search and selection[39m[33m 6736[2mms[22m[39m
[31m     [31m×[31m starts interview session[39m[33m 23657[2mms[22m[39m

[31m⎯⎯⎯⎯⎯⎯⎯[39m[1m[41m Failed Tests 5 [49m[22m[31m⎯⎯⎯⎯⎯⎯⎯[39m

[41m[1m FAIL [22m[49m src/pages/interview/MockInterviewSetup.test.tsx[2m > [22mMockInterviewSetup[2m > [22mrenders setup page correctly
[31m[1mError[22m: Test timed out in 5000ms.
If this is a long-running test, pass a timeout value as the last argument or configure it globally with "testTimeout".[39m
[36m [2m❯[22m src/pages/interview/MockInterviewSetup.test.tsx:[2m36:3[22m[39m
    [90m 34| [39m  })[33m;[39m
    [90m 35| [39m
    [90m 36| [39m  [34mit[39m([32m'renders setup page correctly'[39m[33m,[39m () [33m=>[39m {
    [90m   | [39m  [31m^[39m
    [90m 37| [39m    [34mrender[39m([33m<[39m[33mMockInterviewSetup[39m [33m/[39m[33m>[39m)[33m;[39m
    [90m 38| [39m

[31m[2m⎯⎯⎯⎯⎯⎯⎯⎯⎯⎯⎯⎯⎯⎯⎯⎯⎯⎯⎯⎯⎯⎯⎯⎯[1/5]⎯[22m[39m

[41m[1m FAIL [22m[49m src/pages/interview/MockInterviewSetup.test.tsx[2m > [22mMockInterviewSetup[2m > [22mallows selecting difficulty
[31m[1mError[22m: Test timed out in 5000ms.
If this is a long-running test, pass a timeout value as the last argument or configure it globally with "testTimeout".[39m
[36m [2m❯[22m src/pages/interview/MockInterviewSetup.test.tsx:[2m46:3[22m[39m
    [90m 44| [39m  })[33m;[39m
    [90m 45| [39m
    [90m 46| [39m  [34mit[39m([32m'allows selecting difficulty'[39m[33m,[39m () [33m=>[39m {
    [90m   | [39m  [31m^[39m
    [90m 47| [39m    [34mrender[39m([33m<[39m[33mMockInterviewSetup[39m [33m/[39m[33m>[39m)[33m;[39m
    [90m 48| [39m

[31m[2m⎯⎯⎯⎯⎯⎯⎯⎯⎯⎯⎯⎯⎯⎯⎯⎯⎯⎯⎯⎯⎯⎯⎯⎯[2/5]⎯[22m[39m

[41m[1m FAIL [22m[49m src/pages/interview/MockInterviewSetup.test.tsx[2m > [22mMockInterviewSetup[2m > [22mallows selecting status
[31m[1mError[22m: Test timed out in 5000ms.
If this is a long-running test, pass a timeout value as the last argument or configure it globally with "testTimeout".[39m
[36m [2m❯[22m src/pages/interview/MockInterviewSetup.test.tsx:[2m54:3[22m[39m
    [90m 52| [39m  })[33m;[39m
    [90m 53| [39m
    [90m 54| [39m  [34mit[39m([32m'allows selecting status'[39m[33m,[39m () [33m=>[39m {
    [90m   | [39m  [31m^[39m
    [90m 55| [39m    [34mrender[39m([33m<[39m[33mMockInterviewSetup[39m [33m/[39m[33m>[39m)[33m;[39m
    [90m 56| [39m

[31m[2m⎯⎯⎯⎯⎯⎯⎯⎯⎯⎯⎯⎯⎯⎯⎯⎯⎯⎯⎯⎯⎯⎯⎯⎯[3/5]⎯[22m[39m

[41m[1m FAIL [22m[49m src/pages/interview/MockInterviewSetup.test.tsx[2m > [22mMockInterviewSetup[2m > [22mhandles list search and selection
[31m[1mError[22m: Test timed out in 5000ms.
If this is a long-running test, pass a timeout value as the last argument or configure it globally with "testTimeout".[39m
[36m [2m❯[22m src/pages/interview/MockInterviewSetup.test.tsx:[2m61:3[22m[39m
    [90m 59| [39m  })[33m;[39m
    [90m 60| [39m
    [90m 61| [39m  [34mit[39m([32m'handles list search and selection'[39m[33m,[39m [35masync[39m () [33m=>[39m {
    [90m   | [39m  [31m^[39m
    [90m 62| [39m    [35mconst[39m mockLists [33m=[39m [
    [90m 63| [39m      { id[33m:[39m [32m'1'[39m[33m,[39m name[33m:[39m [32m'Blind 75'[39m[33m,[39m codingProblemCount[33m:[39m [34m75[39m }[33m,[39m

[31m[2m⎯⎯⎯⎯⎯⎯⎯⎯⎯⎯⎯⎯⎯⎯⎯⎯⎯⎯⎯⎯⎯⎯⎯⎯[4/5]⎯[22m[39m

[41m[1m FAIL [22m[49m src/pages/interview/MockInterviewSetup.test.tsx[2m > [22mMockInterviewSetup[2m > [22mstarts interview session
[31m[1mError[22m: Test timed out in 5000ms.
If this is a long-running test, pass a timeout value as the last argument or configure it globally with "testTimeout".[39m
[36m [2m❯[22m src/pages/interview/MockInterviewSetup.test.tsx:[2m102:3[22m[39m
    [90m100| [39m  })[33m;[39m
    [90m101| [39m
    [90m102| [39m  [34mit[39m([32m'starts interview session'[39m[33m,[39m [35masync[39m () [33m=>[39m {
    [90m   | [39m  [31m^[39m
    [90m103| [39m    server[33m.[39m[34muse[39m(
    [90m104| [39m      http[33m.[39m[34mpost[39m([32m`[39m[36m${[39m[33mAPI_URL[39m[36m}[39m[32m/interview-sessions`[39m[33m,[39m () [33m=>[39m {

[31m[2m⎯⎯⎯⎯⎯⎯⎯⎯⎯⎯⎯⎯⎯⎯⎯⎯⎯⎯⎯⎯⎯⎯⎯⎯[5/5]⎯[22m[39m


[2m Test Files [22m [1m[31m1 failed[39m[22m[90m (1)[39m
[2m      Tests [22m [1m[31m5 failed[39m[22m[90m (5)[39m
[2m   Start at [22m 21:31:33
[2m   Duration [22m 207.04s

[1m[41m FAIL [49m[22m [31mTests failed. Watching for file changes...[39m
       [2mpress [22m[1mh[22m[2m to show help[22m[2m, [22m[2mpress [22m[1mq[22m[2m to quit[22m
c[3J[1m[44m RERUN [49m[22m [34m[2msrc/design-system/components/ProgressBar.tsx [22m[34mx8 [34m[39m
       [2m Filename pattern: [22m[34msrc/pages/interview/MockInterviewSetup.test.tsx[39m


[31m⎯⎯⎯⎯⎯⎯⎯[39m[1m[41m Failed Tests 5 [49m[22m[31m⎯⎯⎯⎯⎯⎯⎯[39m

[41m[1m FAIL [22m[49m src/pages/interview/MockInterviewSetup.test.tsx[2m > [22mMockInterviewSetup[2m > [22mrenders setup page correctly
[31m[1mError[22m: Test timed out in 5000ms.
If this is a long-running test, pass a timeout value as the last argument or configure it globally with "testTimeout".[39m
[36m [2m❯[22m src/pages/interview/MockInterviewSetup.test.tsx:[2m36:3[22m[39m
    [90m 34| [39m  })[33m;[39m
    [90m 35| [39m
    [90m 36| [39m  [34mit[39m([32m'renders setup page correctly'[39m[33m,[39m () [33m=>[39m {
    [90m   | [39m  [31m^[39m
    [90m 37| [39m    [34mrender[39m([33m<[39m[33mMockInterviewSetup[39m [33m/[39m[33m>[39m)[33m;[39m
    [90m 38| [39m

[31m[2m⎯⎯⎯⎯⎯⎯⎯⎯⎯⎯⎯⎯⎯⎯⎯⎯⎯⎯⎯⎯⎯⎯⎯⎯[1/5]⎯[22m[39m

[41m[1m FAIL [22m[49m src/pages/interview/MockInterviewSetup.test.tsx[2m > [22mMockInterviewSetup[2m > [22mallows selecting difficulty
[31m[1mError[22m: Test timed out in 5000ms.
If this is a long-running test, pass a timeout value as the last argument or configure it globally with "testTimeout".[39m
[36m [2m❯[22m src/pages/interview/MockInterviewSetup.test.tsx:[2m46:3[22m[39m
    [90m 44| [39m  })[33m;[39m
    [90m 45| [39m
    [90m 46| [39m  [34mit[39m([32m'allows selecting difficulty'[39m[33m,[39m () [33m=>[39m {
    [90m   | [39m  [31m^[39m
    [90m 47| [39m    [34mrender[39m([33m<[39m[33mMockInterviewSetup[39m [33m/[39m[33m>[39m)[33m;[39m
    [90m 48| [39m

[31m[2m⎯⎯⎯⎯⎯⎯⎯⎯⎯⎯⎯⎯⎯⎯⎯⎯⎯⎯⎯⎯⎯⎯⎯⎯[2/5]⎯[22m[39m

[41m[1m FAIL [22m[49m src/pages/interview/MockInterviewSetup.test.tsx[2m > [22mMockInterviewSetup[2m > [22mallows selecting status
[31m[1mError[22m: Test timed out in 5000ms.
If this is a long-running test, pass a timeout value as the last argument or configure it globally with "testTimeout".[39m
[36m [2m❯[22m src/pages/interview/MockInterviewSetup.test.tsx:[2m54:3[22m[39m
    [90m 52| [39m  })[33m;[39m
    [90m 53| [39m
    [90m 54| [39m  [34mit[39m([32m'allows selecting status'[39m[33m,[39m () [33m=>[39m {
    [90m   | [39m  [31m^[39m
    [90m 55| [39m    [34mrender[39m([33m<[39m[33mMockInterviewSetup[39m [33m/[39m[33m>[39m)[33m;[39m
    [90m 56| [39m

[31m[2m⎯⎯⎯⎯⎯⎯⎯⎯⎯⎯⎯⎯⎯⎯⎯⎯⎯⎯⎯⎯⎯⎯⎯⎯[3/5]⎯[22m[39m

[41m[1m FAIL [22m[49m src/pages/interview/MockInterviewSetup.test.tsx[2m > [22mMockInterviewSetup[2m > [22mhandles list search and selection
[31m[1mError[22m: Test timed out in 5000ms.
If this is a long-running test, pass a timeout value as the last argument or configure it globally with "testTimeout".[39m
[36m [2m❯[22m src/pages/interview/MockInterviewSetup.test.tsx:[2m61:3[22m[39m
    [90m 59| [39m  })[33m;[39m
    [90m 60| [39m
    [90m 61| [39m  [34mit[39m([32m'handles list search and selection'[39m[33m,[39m [35masync[39m () [33m=>[39m {
    [90m   | [39m  [31m^[39m
    [90m 62| [39m    [35mconst[39m mockLists [33m=[39m [
    [90m 63| [39m      { id[33m:[39m [32m'1'[39m[33m,[39m name[33m:[39m [32m'Blind 75'[39m[33m,[39m codingProblemCount[33m:[39m [34m75[39m }[33m,[39m

[31m[2m⎯⎯⎯⎯⎯⎯⎯⎯⎯⎯⎯⎯⎯⎯⎯⎯⎯⎯⎯⎯⎯⎯⎯⎯[4/5]⎯[22m[39m

[41m[1m FAIL [22m[49m src/pages/interview/MockInterviewSetup.test.tsx[2m > [22mMockInterviewSetup[2m > [22mstarts interview session
[31m[1mError[22m: Test timed out in 5000ms.
If this is a long-running test, pass a timeout value as the last argument or configure it globally with "testTimeout".[39m
[36m [2m❯[22m src/pages/interview/MockInterviewSetup.test.tsx:[2m102:3[22m[39m
    [90m100| [39m  })[33m;[39m
    [90m101| [39m
    [90m102| [39m  [34mit[39m([32m'starts interview session'[39m[33m,[39m [35masync[39m () [33m=>[39m {
    [90m   | [39m  [31m^[39m
    [90m103| [39m    server[33m.[39m[34muse[39m(
    [90m104| [39m      http[33m.[39m[34mpost[39m([32m`[39m[36m${[39m[33mAPI_URL[39m[36m}[39m[32m/interview-sessions`[39m[33m,[39m () [33m=>[39m {

[31m[2m⎯⎯⎯⎯⎯⎯⎯⎯⎯⎯⎯⎯⎯⎯⎯⎯⎯⎯⎯⎯⎯⎯⎯⎯[5/5]⎯[22m[39m

[31m⎯⎯⎯⎯⎯⎯[39m[1m[41m Unhandled Errors [49m[22m[31m⎯⎯⎯⎯⎯⎯[39m
[31m[1m
Vitest caught 1 unhandled error during the test run.
This might cause false positive tests. Resolve unhandled errors to make sure your tests are not affected.[22m[39m

[31m⎯⎯⎯⎯⎯⎯[39m[1m[41m Unhandled Error [49m[22m[31m⎯⎯⎯⎯⎯⎯⎯[39m
[31m[1mError[22m: [vitest-pool-runner]: Timeout waiting for worker to respond[39m
[90m [2m❯[22m Timeout.<anonymous> node_modules/vitest/dist/chunks/cli-api.CbjxIXjQ.js:[2m7341:58[22m[39m
[90m [2m❯[22m listOnTimeout node:internal/timers:[2m588:17[22m[39m
[90m [2m❯[22m processTimers node:internal/timers:[2m523:7[22m[39m

[31m⎯⎯⎯⎯⎯⎯⎯⎯⎯⎯⎯⎯⎯⎯⎯⎯⎯⎯⎯⎯⎯⎯⎯⎯⎯⎯⎯⎯⎯⎯[39m


[2m Test Files [22m [1m[31m1 failed[39m[22m[90m (1)[39m
[2m      Tests [22m [1m[31m5 failed[39m[22m[90m (5)[39m
[2m     Errors [22m [1m[31m1 error[39m[22m
[2m   Start at [22m 21:36:12
[2m   Duration [22m 207.04s

[1m[41m FAIL [49m[22m [31mTests failed. Watching for file changes...[39m
       [2mpress [22m[1mh[22m[2m to show help[22m[2m, [22m[2mpress [22m[1mq[22m[2m to quit[22m
c[3J[1m[44m RERUN [49m[22m [34m[2msrc/design-system/components/ProgressBar.tsx [22m[34mx9 [34m[39m
       [2m Filename pattern: [22m[34msrc/pages/interview/MockInterviewSetup.test.tsx[39m

